NFL games 1999-2025: 7276 (692 windy). CFB games 2006-2025: 16740 (1001 windy); quarter-point CFB closes left out of every test set: 972
nflweather: registered cohort n=656, rebuilt here n=656, hashes match: True
cfbweather: registered cohort n=855, rebuilt here n=855, hashes match: True

===== Leave-one-season-out log loss at the closing line (diff, se, ci in thousandths; negative = table better)
      'neighbour' (added after the first run): landing on the whole number either side of a half-point line
-- under
sport market cohort                                variant    tested  games  events  seasons  ll_table  ll_resid   diff  diff_pct    se  ci_lo  ci_hi  p_two_sided  seasons_table_better             verdict  ci_lo_pct  ci_hi_pct
  NFL  total    all                                primary 2015-2025   3028    1535       11   0.69370   0.69364  0.066      0.01 0.191 -0.283  0.425       0.7304                     5 no difference shown      -0.04       0.06
  NFL  total    all                                  h = 1 2015-2025   3028    1535       11   0.69369   0.69364  0.050      0.01 0.183 -0.283  0.394       0.7863                     5 no difference shown      -0.04       0.06
  NFL  total    all                                  h = 4 2015-2025   3028    1535       11   0.69372   0.69364  0.081      0.01 0.254 -0.378  0.572       0.7504                     8 no difference shown      -0.05       0.08
  NFL  total    all                 no landing multipliers 2015-2025   3028    1535       11   0.69372   0.69364  0.079      0.01 0.074 -0.061  0.211       0.2852                     4 no difference shown      -0.01       0.03
  NFL  total    all era: landing 1999 on, tested 1999-2025 1999-2025   7276    3625       27   0.69313   0.69329 -0.160     -0.02 0.129 -0.398  0.097       0.2173                    17 no difference shown      -0.06       0.01
  NFL  total    all   pure 2015: shape and landing 2015 on 2015-2025   3028    1535       11   0.69386   0.69364  0.225      0.03 0.437 -0.549  1.059       0.6059                     7 no difference shown      -0.08       0.15
  CFB  total    all                                primary 2006-2025  15768    7931       20   0.69288   0.69300 -0.115     -0.02 0.198 -0.493  0.260       0.5608                    13 no difference shown      -0.07       0.04
  CFB  total    all                                  h = 1 2006-2025  15768    7931       20   0.69292   0.69300 -0.075     -0.01 0.189 -0.431  0.284       0.6927                    12 no difference shown      -0.06       0.04
  CFB  total    all                                  h = 4 2006-2025  15768    7931       20   0.69281   0.69300 -0.187     -0.03 0.256 -0.667  0.295       0.4657                    11 no difference shown      -0.10       0.04
  CFB  total    all                 no landing multipliers 2006-2025  15768    7931       20   0.69298   0.69300 -0.018     -0.00 0.011 -0.040  0.003       0.1102                    10 no difference shown      -0.01       0.00
  CFB  total    all era: landing 2016 on, tested 2016-2025 2016-2025   9948    5015       10   0.69254   0.69281 -0.270     -0.04 0.306 -0.805  0.322       0.3775                     7 no difference shown      -0.12       0.05
  NFL  total  windy                                primary 2015-2025    234     132       11   0.68814   0.68791  0.225      0.03 0.559 -0.867  1.231       0.6875                     4 no difference shown      -0.13       0.18
  NFL  total  windy                                  h = 1 2015-2025    234     132       11   0.68807   0.68791  0.152      0.02 0.459 -0.725  0.989       0.7403                     5 no difference shown      -0.11       0.14
  NFL  total  windy                                  h = 4 2015-2025    234     132       11   0.68894   0.68791  1.028      0.15 1.143 -1.031  3.222       0.3685                     6 no difference shown      -0.15       0.47
  NFL  total  windy                 no landing multipliers 2015-2025    234     132       11   0.68789   0.68791 -0.022     -0.00 0.607 -1.145  1.092       0.9705                     5 no difference shown      -0.17       0.16
  NFL  total  windy era: landing 1999 on, tested 1999-2025 1999-2025    692     390       27   0.68838   0.68795  0.430      0.06 0.722 -0.961  1.812       0.5514                    13 no difference shown      -0.14       0.26
  NFL  total  windy   pure 2015: shape and landing 2015 on 2015-2025    234     132       11   0.69276   0.68791  4.844      0.70 1.980  1.580  8.776       0.0144                     1         table loses       0.23       1.28
  CFB  total  windy                                primary 2006-2025    951     535       20   0.68562   0.68550  0.122      0.02 0.627 -1.035  1.369       0.8455                    10 no difference shown      -0.15       0.20
  CFB  total  windy                                  h = 1 2006-2025    951     535       20   0.68574   0.68550  0.243      0.04 0.550 -0.816  1.283       0.6589                     8 no difference shown      -0.12       0.19
  CFB  total  windy                                  h = 4 2006-2025    951     535       20   0.68570   0.68550  0.197      0.03 1.169 -1.989  2.432       0.8662                    12 no difference shown      -0.29       0.35
  CFB  total  windy                 no landing multipliers 2006-2025    951     535       20   0.68557   0.68550  0.072      0.01 0.133 -0.168  0.328       0.5891                     8 no difference shown      -0.02       0.05
  CFB  total  windy era: landing 2016 on, tested 2016-2025 2016-2025    582     334       10   0.68345   0.68299  0.470      0.07 1.115 -1.503  2.567       0.6737                     6 no difference shown      -0.22       0.38
  NFL spread    all                                primary 2015-2025   3028    1523       11   0.69306   0.69281  0.255      0.04 0.476 -0.615  1.146       0.5918                     4 no difference shown      -0.09       0.17
  NFL spread    all  pure 2015 (added after the first run) 2015-2025   3028    1523       11   0.69339   0.69281  0.589      0.08 0.544 -0.418  1.586       0.2790                     3 no difference shown      -0.06       0.23
  NFL  total  windy                   frozen file, 2024-25 2024-2025     36      18        2   0.70203   0.70189  0.145      0.02 1.544 -2.842  3.123       0.9251                     1 no difference shown      -0.40       0.44
  CFB  total  windy                   frozen file, 2024-25 2024-2025    144      79        2   0.68660   0.68792 -1.319     -0.19 1.696 -4.543  2.002       0.4365                     2 no difference shown      -0.66       0.29
-- push
sport market cohort                                variant    tested  games  events  seasons  ll_table  ll_resid    diff  diff_pct     se   ci_lo  ci_hi  p_two_sided  seasons_table_better             verdict  ci_lo_pct  ci_hi_pct
  NFL  total    all                                primary 2015-2025   1456      28       10   0.09741   0.09700   0.412      0.42  0.802  -1.185  1.784       0.6074                     3 no difference shown      -1.22       1.84
  NFL  total    all                                  h = 1 2015-2025   1456      28       10   0.09737   0.09700   0.374      0.39  0.795  -1.204  1.743       0.6377                     3 no difference shown      -1.24       1.80
  NFL  total    all                                  h = 4 2015-2025   1456      28       10   0.09730   0.09700   0.304      0.31  0.798  -1.300  1.678       0.7031                     3 no difference shown      -1.34       1.73
  NFL  total    all                 no landing multipliers 2015-2025   1456      28       10   0.09730   0.09700   0.305      0.31  0.115   0.084  0.515       0.0083                     3         table loses       0.09       0.53
  NFL  total    all era: landing 1999 on, tested 1999-2025 1999-2025   3707     106       26   0.12880   0.13006  -1.264     -0.97  0.979  -3.188  0.616       0.1967                    13 no difference shown      -2.45       0.47
  NFL  total    all   pure 2015: shape and landing 2015 on 2015-2025   1456      28       10   0.09758   0.09700   0.582      0.60  0.820  -1.101  1.967       0.4782                     2 no difference shown      -1.13       2.03
  CFB  total    all                                primary 2006-2025   6781     173       20   0.11790   0.11885  -0.952     -0.80  0.741  -2.328  0.482       0.1989                    14 no difference shown      -1.96       0.41
  CFB  total    all                                  h = 1 2006-2025   6781     173       20   0.11791   0.11885  -0.940     -0.79  0.738  -2.309  0.496       0.2031                    14 no difference shown      -1.94       0.42
  CFB  total    all                                  h = 4 2006-2025   6781     173       20   0.11789   0.11885  -0.955     -0.80  0.748  -2.393  0.492       0.2018                    14 no difference shown      -2.01       0.41
  CFB  total    all                 no landing multipliers 2006-2025   6781     173       20   0.11882   0.11885  -0.029     -0.02  0.029  -0.088  0.023       0.3094                    11 no difference shown      -0.07       0.02
  CFB  total    all era: landing 2016 on, tested 2016-2025 2016-2025   3605     105       10   0.13143   0.13217  -0.743     -0.56  0.982  -2.463  1.221       0.4494                     7 no difference shown      -1.86       0.92
  NFL  total  windy                                primary 2015-2025    120       3       10   0.11466   0.11952  -4.862     -4.07  6.837 -20.970  4.703       0.4770                     2 no difference shown     -17.54       3.93
  NFL  total  windy                                  h = 1 2015-2025    120       3       10   0.11507   0.11952  -4.456     -3.73  5.176 -16.530  3.045       0.3893                     2 no difference shown     -13.83       2.55
  NFL  total  windy                                  h = 4 2015-2025    120       3       10   0.11431   0.11952  -5.214     -4.36  7.401 -22.422  5.035       0.4811                     2 no difference shown     -18.76       4.21
  NFL  total  windy                 no landing multipliers 2015-2025    120       3       10   0.11761   0.11952  -1.913     -1.60  4.322 -12.294  3.411       0.6580                     2 no difference shown     -10.29       2.85
  NFL  total  windy era: landing 1999 on, tested 1999-2025 1999-2025    365      10       26   0.12469   0.12746  -2.770     -2.17  3.769 -10.632  3.692       0.4624                     6 no difference shown      -8.34       2.90
  NFL  total  windy   pure 2015: shape and landing 2015 on 2015-2025    120       3       10   0.11679   0.11952  -2.732     -2.29  9.360 -24.727 10.584       0.7704                     2 no difference shown     -20.69       8.85
  CFB  total  windy                                primary 2006-2025    413      11       20   0.12102   0.12412  -3.097     -2.50  3.643  -9.962  3.906       0.3953                    11 no difference shown      -8.03       3.15
  CFB  total  windy                                  h = 1 2006-2025    413      11       20   0.12131   0.12412  -2.806     -2.26  3.608  -9.431  4.114       0.4368                     9 no difference shown      -7.60       3.31
  CFB  total  windy                                  h = 4 2006-2025    413      11       20   0.12082   0.12412  -3.301     -2.66  3.650 -10.055  3.636       0.3657                    11 no difference shown      -8.10       2.93
  CFB  total  windy                 no landing multipliers 2006-2025    413      11       20   0.12309   0.12412  -1.026     -0.83  0.436  -1.985 -0.376       0.0187                    15         table beats      -1.60      -0.30
  CFB  total  windy era: landing 2016 on, tested 2016-2025 2016-2025    217       7       10   0.14127   0.14520  -3.926     -2.70  5.237 -12.941  6.674       0.4534                     7 no difference shown      -8.91       4.60
  NFL spread    all                                primary 2015-2025   1494      75       11   0.18649   0.19970 -13.205     -6.61  4.343 -20.818 -4.738       0.0024                     8         table beats     -10.42      -2.37
  NFL spread    all  pure 2015 (added after the first run) 2015-2025   1494      75       11   0.18658   0.19970 -13.114     -6.57  5.040 -22.061 -3.235       0.0093                     8         table beats     -11.05      -1.62
  NFL  total  windy                   frozen file, 2024-25 2024-2025      5       0        1   0.02700   0.02547   1.523      5.98  3.427  -4.477  7.523       0.6567                     0 no difference shown     -17.58      29.53
  CFB  total  windy                   frozen file, 2024-25 2024-2025     16       1        2   0.24014   0.25690 -16.757     -6.52 17.684 -53.832  3.826       0.3433                     1 no difference shown     -20.95       1.49
-- neighbour
sport market cohort                                variant    tested  games  events  seasons  ll_table  ll_resid   diff  diff_pct    se   ci_lo  ci_hi  p_two_sided  seasons_table_better             verdict  ci_lo_pct  ci_hi_pct
  NFL  total    all                                primary 2015-2025   3144     101       11   0.14070   0.14224 -1.540     -1.08 0.610  -2.637 -0.268       0.0116                     8         table beats      -1.85      -0.19
  NFL  total    all                                  h = 1 2015-2025   3144     101       11   0.14072   0.14224 -1.515     -1.07 0.614  -2.606 -0.269       0.0135                     8         table beats      -1.83      -0.19
  NFL  total    all                                  h = 4 2015-2025   3144     101       11   0.14069   0.14224 -1.543     -1.09 0.626  -2.650 -0.250       0.0137                     8         table beats      -1.86      -0.18
  NFL  total    all                 no landing multipliers 2015-2025   3144     101       11   0.14216   0.14224 -0.074     -0.05 0.032  -0.143 -0.021       0.0231                    10         table beats      -0.10      -0.01
  NFL  total    all era: landing 1999 on, tested 1999-2025 1999-2025   7138     206       27   0.12992   0.13086 -0.939     -0.72 0.519  -1.922  0.067       0.0708                    16 no difference shown      -1.47       0.05
  NFL  total    all   pure 2015: shape and landing 2015 on 2015-2025   3144     101       11   0.14070   0.14224 -1.537     -1.08 0.617  -2.642 -0.301       0.0127                     7         table beats      -1.86      -0.21
  CFB  total    all                                primary 2006-2025  17974     433       20   0.11192   0.11359 -1.670     -1.47 0.405  -2.431 -0.831       0.0000                    15         table beats      -2.14      -0.73
  CFB  total    all                                  h = 1 2006-2025  17974     433       20   0.11192   0.11359 -1.664     -1.47 0.401  -2.402 -0.839       0.0000                    15         table beats      -2.12      -0.74
  CFB  total    all                                  h = 4 2006-2025  17974     433       20   0.11190   0.11359 -1.683     -1.48 0.410  -2.455 -0.828       0.0000                    15         table beats      -2.16      -0.73
  CFB  total    all                 no landing multipliers 2006-2025  17974     433       20   0.11357   0.11359 -0.015     -0.01 0.034  -0.092  0.045       0.6693                    11 no difference shown      -0.08       0.04
  CFB  total    all era: landing 2016 on, tested 2016-2025 2016-2025  12686     303       10   0.11156   0.11283 -1.270     -1.13 0.528  -2.091 -0.052       0.0161                     6         table beats      -1.85      -0.05
  NFL  total  windy                                primary 2015-2025    228       6       11   0.12142   0.12319 -1.768     -1.44 2.455  -6.968  2.257       0.4714                     5 no difference shown      -5.66       1.83
  NFL  total  windy                                  h = 1 2015-2025    228       6       11   0.12179   0.12319 -1.401     -1.14 2.077  -5.805  2.144       0.5001                     4 no difference shown      -4.71       1.74
  NFL  total  windy                                  h = 4 2015-2025    228       6       11   0.12133   0.12319 -1.857     -1.51 2.616  -7.547  2.352       0.4777                     4 no difference shown      -6.13       1.91
  NFL  total  windy                 no landing multipliers 2015-2025    228       6       11   0.12201   0.12319 -1.184     -0.96 1.184  -3.556  0.851       0.3173                     6 no difference shown      -2.89       0.69
  NFL  total  windy era: landing 1999 on, tested 1999-2025 1999-2025    654      14       27   0.10368   0.10482 -1.140     -1.09 1.934  -5.147  2.318       0.5555                     8 no difference shown      -4.91       2.21
  NFL  total  windy   pure 2015: shape and landing 2015 on 2015-2025    228       6       11   0.12245   0.12319 -0.746     -0.61 3.568  -8.214  5.308       0.8345                     5 no difference shown      -6.67       4.31
  CFB  total  windy                                primary 2006-2025   1076      27       20   0.11624   0.11742 -1.182     -1.01 2.407  -6.248  3.372       0.6234                     9 no difference shown      -5.32       2.87
  CFB  total  windy                                  h = 1 2006-2025   1076      27       20   0.11668   0.11742 -0.737     -0.63 2.451  -5.846  3.790       0.7636                     9 no difference shown      -4.98       3.23
  CFB  total  windy                                  h = 4 2006-2025   1076      27       20   0.11620   0.11742 -1.215     -1.03 2.435  -6.312  3.265       0.6179                     9 no difference shown      -5.38       2.78
  CFB  total  windy                 no landing multipliers 2006-2025   1076      27       20   0.11719   0.11742 -0.226     -0.19 0.756  -2.011  0.875       0.7647                     6 no difference shown      -1.71       0.75
  CFB  total  windy era: landing 2016 on, tested 2016-2025 2016-2025    730      15       10   0.09977   0.09995 -0.184     -0.18 1.735  -3.753  2.890       0.9158                     5 no difference shown      -3.75       2.89
  NFL spread    all                                primary 2015-2025   3068     145       11   0.18538   0.19074 -5.354     -2.81 1.847  -8.977 -2.041       0.0037                     9         table beats      -4.71      -1.07
  NFL spread    all  pure 2015 (added after the first run) 2015-2025   3068     145       11   0.18521   0.19074 -5.525     -2.90 1.949  -9.419 -2.080       0.0046                     9         table beats      -4.94      -1.09
  NFL  total  windy                   frozen file, 2024-25 2024-2025     62       1        2   0.08342   0.08576 -2.339     -2.73 4.915 -12.841  3.482       0.6341                     1 no difference shown     -14.97       4.06
  CFB  total  windy                   frozen file, 2024-25 2024-2025    256       7        2   0.12614   0.12514  0.999      0.80 3.960  -6.764  9.001       0.8008                     1 no difference shown      -5.40       7.19

===== Held-out calibration of landing, primary specification: actual rate vs the mean predicted chance
sport market cohort                                variant    seasons  whole_lines  pushes  push_rate  table_push  resid_push  half_lines  neighbour_landings  neighbour_rate  table_neighbour  resid_neighbour
  NFL  total    all                                primary all tested         1456      28     0.0192      0.0306      0.0289        1572                 101          0.0321           0.0303           0.0296
  NFL  total    all                                primary    2015 on         1456      28     0.0192      0.0306      0.0289        1572                 101          0.0321           0.0303           0.0296
  NFL  total    all era: landing 1999 on, tested 1999-2025 all tested         3707     106     0.0286      0.0315      0.0287        3569                 206          0.0289           0.0307           0.0296
  NFL  total    all era: landing 1999 on, tested 1999-2025    to 2014         2251      78     0.0347      0.0318      0.0286        1997                 105          0.0263           0.0308           0.0295
  NFL  total    all era: landing 1999 on, tested 1999-2025    2015 on         1456      28     0.0192      0.0311      0.0289        1572                 101          0.0321           0.0306           0.0296
  CFB  total    all                                primary all tested         6781     173     0.0255      0.0250      0.0246        8987                 433          0.0241           0.0248           0.0242
  CFB  total    all                                primary    to 2014         2740      59     0.0215      0.0250      0.0246        2323                 114          0.0245           0.0245           0.0242
  CFB  total    all                                primary    2015 on         4041     114     0.0282      0.0250      0.0245        6664                 319          0.0239           0.0249           0.0242
  NFL  total  windy                                primary all tested          120       3     0.0250      0.0290      0.0246         114                   6          0.0263           0.0288           0.0253
  NFL  total  windy                                primary    2015 on          120       3     0.0250      0.0290      0.0246         114                   6          0.0263           0.0288           0.0253
  NFL  total  windy era: landing 1999 on, tested 1999-2025 all tested          365      10     0.0274      0.0299      0.0246         327                  14          0.0214           0.0293           0.0253
  NFL  total  windy era: landing 1999 on, tested 1999-2025    to 2014          245       7     0.0286      0.0301      0.0245         213                   8          0.0188           0.0294           0.0253
  NFL  total  windy era: landing 1999 on, tested 1999-2025    2015 on          120       3     0.0250      0.0296      0.0246         114                   6          0.0263           0.0291           0.0253
  CFB  total  windy                                primary all tested          413      11     0.0266      0.0255      0.0245         538                  27          0.0251           0.0252           0.0240
  CFB  total  windy                                primary    to 2014          169       4     0.0237      0.0255      0.0242         150                  11          0.0367           0.0250           0.0236
  CFB  total  windy                                primary    2015 on          244       7     0.0287      0.0255      0.0247         388                  16          0.0206           0.0253           0.0241
  NFL spread    all                                primary all tested         1494      75     0.0502      0.0489      0.0454        1534                 145          0.0473           0.0424           0.0408
  NFL spread    all                                primary    2015 on         1494      75     0.0502      0.0489      0.0454        1534                 145          0.0473           0.0424           0.0408
  NFL spread    all  pure 2015 (added after the first run) all tested         1494      75     0.0502      0.0530      0.0454        1534                 145          0.0473           0.0459           0.0408
  NFL spread    all  pure 2015 (added after the first run)    2015 on         1494      75     0.0502      0.0530      0.0454        1534                 145          0.0473           0.0459           0.0408

===== Raw line-type check, NFL totals: landing on a whole-number close, and next to a half-point close
      (nflverse closes, and the independent SBR closes that games.parquet carries for 2007-21)
sport market cohort        variant   seasons  whole_lines  pushes  push_rate  half_lines  neighbour_landings  neighbour_rate
  NFL  total    all nflverse close 1999-2014         2251      78     0.0347        1997                 105          0.0263
  NFL  total    all nflverse close 2015-2025         1456      28     0.0192        1572                 101          0.0321
  NFL  total    all      SBR close 2007-2014         1121      38     0.0339        1013                  65          0.0321
  NFL  total    all      SBR close 2015-2021          937      17     0.0181         947                  50          0.0264

===== Wong teaser legs in held-out seasons 2015-2025 (margin table vs residual analog, both left-one-season-out)
                              variant     side  legs  won  pushed  lost  actual_win_rate  table_predicted  residual_predicted
                              primary favorite   256  188       0    68           0.7344           0.7016              0.6801
                              primary underdog   493  381       2   110           0.7760           0.7196              0.6976
pure 2015 (added after the first run) favorite   256  188       0    68           0.7344           0.7070              0.6801
pure 2015 (added after the first run) underdog   493  381       2   110           0.7760           0.7339              0.6976
                              primary     both   749  569       2   178           0.7617           0.7134              0.6916
pure 2015 (added after the first run)     both   749  569       2   178           0.7617           0.7247              0.6916

===== Landing multipliers (full data), NFL totals 30-60
 k  landed  expected  ratio  multiplier
30    69.0     49.72 1.3879      1.2945
31    37.0     54.21 0.6826      0.7541
32    47.0     58.64 0.8015      0.8436
33    85.0     62.95 1.3503      1.2802
34    74.0     67.07 1.1034      1.0837
35    53.0     70.94 0.7471      0.7931
36    77.0     74.55 1.0329      1.0272
37   104.0     77.84 1.3360      1.2794
38    55.0     80.80 0.6807      0.7328
39    71.0     83.35 0.8519      0.8754
40   105.0     85.42 1.2292      1.1935
41   106.0     86.98 1.2186      1.1851
42    55.0     88.03 0.6248      0.6818
43   108.0     88.58 1.2192      1.1861
44   113.0     88.64 1.2749      1.2334
45    77.0     88.19 0.8732      0.8924
46    77.0     87.23 0.8828      0.9007
47   101.0     85.78 1.1774      1.1498
48    80.0     83.91 0.9534      0.9608
49    76.0     81.67 0.9306      0.9418
50    77.0     79.10 0.9734      0.9778
51   118.0     76.26 1.5474      1.4536
52    60.0     73.19 0.8198      0.8518
53    40.0     69.97 0.5717      0.6505
54    70.0     66.66 1.0501      1.0405
55    69.0     63.31 1.0898      1.0719
56    33.0     59.92 0.5508      0.6443
57    74.0     56.47 1.3103      1.2426
58    63.0     52.99 1.1889      1.1456
59    42.0     49.49 0.8486      0.8852
60    36.0     46.00 0.7825      0.8380

===== Landing multipliers, NFL margins 0-21 (favorite's view, pooled with the underdog's)
 k  landed  expected  ratio  multiplier
 0    10.0     91.86 0.1089      0.1537
 1   137.0    184.11 0.7441      0.7507
 2   139.0    184.65 0.7528      0.7591
 3   449.0    184.04 2.4396      2.4026
 4   140.0    181.21 0.7726      0.7785
 5   133.0    175.82 0.7565      0.7630
 6   210.0    167.97 1.2502      1.2432
 7   263.0    157.96 1.6650      1.6451
 8   130.0    146.37 0.8881      0.8917
 9    51.0    134.22 0.3800      0.4017
10   144.0    122.61 1.1745      1.1678
11    64.0    112.32 0.5698      0.5876
12    56.0    103.66 0.5402      0.5608
13    62.0     96.45 0.6428      0.6600
14   156.0     90.21 1.7293      1.6920
15    50.0     84.44 0.5921      0.6143
16    72.0     78.80 0.9137      0.9187
17   105.0     73.10 1.4363      1.4091
18    69.0     67.34 1.0247      1.0231
19    35.0     61.69 0.5673      0.5989
20    62.0     56.47 1.0980      1.0902
21    66.0     51.82 1.2736      1.2501

===== Landing multipliers, CFB totals 35-80
 k  landed  expected  ratio  multiplier
35   206.0    218.82 0.9414      0.9437
36   141.0    232.33 0.6069      0.6212
37   365.0    245.75 1.4852      1.4685
38   346.0    259.00 1.3359      1.3249
39   124.0    271.95 0.4560      0.4729
40   253.0    284.50 0.8893      0.8926
41   498.0    296.54 1.6794      1.6599
42   226.0    307.94 0.7339      0.7413
43   258.0    318.63 0.8097      0.8148
44   450.0    328.52 1.3698      1.3602
45   489.0    337.56 1.4486      1.4373
46   165.0    345.69 0.4773      0.4902
47   356.0    352.87 1.0089      1.0087
48   478.0    359.02 1.3314      1.3235
49   368.0    364.09 1.0107      1.0105
50   223.0    368.02 0.6059      0.6151
51   515.0    370.77 1.3890      1.3800
52   445.0    372.29 1.1953      1.1908
53   215.0    372.58 0.5771      0.5868
54   320.0    371.66 0.8610      0.8642
55   607.0    369.57 1.6424      1.6276
56   286.0    366.37 0.7806      0.7857
57   306.0    362.12 0.8450      0.8487
58   444.0    356.86 1.2442      1.2383
59   455.0    350.65 1.2976      1.2903
60   161.0    343.53 0.4687      0.4819
61   335.0    335.56 0.9983      0.9984
62   389.0    326.81 1.1903      1.1853
63   321.0    317.34 1.0115      1.0112
64   206.0    307.27 0.6704      0.6796
65   395.0    296.69 1.3314      1.3219
66   340.0    285.73 1.1899      1.1843
67   149.0    274.48 0.5428      0.5570
68   200.0    263.03 0.7604      0.7681
69   355.0    251.45 1.4118      1.3979
70   204.0    239.80 0.8507      0.8560
71   204.0    228.12 0.8943      0.8982
72   222.0    216.47 1.0256      1.0246
73   259.0    204.89 1.2641      1.2533
74   100.0    193.45 0.5169      0.5379
75   168.0    182.18 0.9221      0.9257
76   214.0    171.16 1.2503      1.2381
77   180.0    160.42 1.1220      1.1157
78    80.0    150.02 0.5333      0.5590
79   167.0    139.98 1.1930      1.1817
80   148.0    130.33 1.1356      1.1271
tau^2: NFL totals 0.06343, NFL margins 0.20564, CFB totals 0.11417

===== NFL all: P(final = K | market total K)
model  raw, market a half-point from K  raw, market on K  residual   table
key                                                                       
37                              0.0339            0.0000    0.0287  0.0381
41                              0.0417            0.0100    0.0287  0.0353
44                              0.0514            0.0276    0.0287  0.0367
47                              0.0233            0.0339    0.0287  0.0343
51                              0.0737            0.0377    0.0287  0.0434

===== NFL windy: P(final = K | market total K)
model  raw, market a half-point from K  raw, market on K  residual   table
key                                                                       
37                              0.0000            0.0000    0.0252  0.0356
41                              0.0000            0.0000    0.0252  0.0328
44                              0.0588            0.1429    0.0252  0.0342
47                              0.0000            0.0000    0.0252  0.0319
51                              0.0000            0.0000    0.0252  0.0404

===== NFL spreads: P(favorite wins by exactly K | favorite -K)
model  raw 1999-2014, market a half-point from K  raw 1999-2014, market on K  raw 2015-2019, market a half-point from K  raw 2015-2019, market on K  raw 2015-2025, market a half-point from K  raw 2015-2025, market on K  raw 2020-2025, market a half-point from K  raw 2020-2025, market on K  residual   table
key                                                                                                                                                                                                                                                                                                                
3                                         0.0909                      0.0833                                     0.0833                      0.1250                                     0.0872                      0.1016                                     0.0901                      0.0830    0.0456  0.0822
6                                         0.0171                      0.0330                                     0.0603                      0.0615                                     0.0540                      0.0423                                     0.0494                      0.0260    0.0456  0.0429
7                                         0.0517                      0.0658                                     0.0645                      0.1139                                     0.0695                      0.0640                                     0.0730                      0.0215    0.0456  0.0569
10                                        0.0484                      0.0602                                     0.0250                      0.0714                                     0.0268                      0.0750                                     0.0278                      0.0789    0.0456  0.0406

===== CFB all: P(final = K | market total K), the 6 strongest and 4 weakest landing totals in 35-75
model  raw, market a half-point from K  raw, market on K  residual   table
key                                                                       
37                              0.0189            0.0000    0.0246  0.0363
41                              0.0541            0.0652    0.0246  0.0404
45                              0.0365            0.0439    0.0246  0.0347
51                              0.0409            0.0227    0.0246  0.0332
55                              0.0341            0.0417    0.0246  0.0392
69                              0.0312            0.0167    0.0246  0.0342
39                              0.0230            0.0263    0.0246  0.0116
46                              0.0066            0.0162    0.0246  0.0118
60                              0.0053            0.0138    0.0246  0.0117
74                              0.0000            0.0333    0.0246  0.0132

===== CFB windy: P(final = K | market total K), the 6 strongest and 4 weakest landing totals in 35-75
model  raw, market a half-point from K  raw, market on K  residual   table
key                                                                       
37                              0.0000               NaN    0.0234  0.0374
41                              0.1176            0.2222    0.0234  0.0416
45                              0.0222            0.0000    0.0234  0.0356
51                              0.0408            0.0714    0.0234  0.0339
55                              0.0625            0.0556    0.0234  0.0401
69                              0.0000            0.0000    0.0234  0.0350
39                              0.1250            0.3333    0.0234  0.0119
46                              0.0000            0.0000    0.0234  0.0121
60                              0.0000            0.0000    0.0234  0.0119
74                              0.0000            0.0000    0.0234  0.0135

===== Half-point worth in cents of fair (no-vig) price, at a market line on the key number K:
      'onto' = K-0.5 to K for an under (K+0.5 to K for a favorite); 'off' = K to K+0.5 for an under (K to K-0.5 for a favorite)
-- NFL total all
           off           onto      
model residual table residual table
key                                
37         6.0   8.0      5.9   7.9
41         6.0   7.4      5.9   7.3
44         6.0   7.8      5.9   7.6
47         6.0   7.2      5.9   7.1
51         6.0   9.4      5.9   9.2
-- NFL total windy
           off           onto      
model residual table residual table
key                                
37         6.1   8.7      7.8  10.7
41         6.1   8.0      7.8  10.0
44         6.1   8.4      7.8  10.6
47         6.1   7.8      7.8   9.9
51         6.1  10.1      7.8  13.0
-- CFB total all
           off           onto      
model residual table residual table
key                                
37         5.1   7.8      5.1   7.8
39         5.1   2.4      5.1   2.4
41         5.1   8.4      5.1   8.5
45         5.1   7.4      5.1   7.2
46         5.1   2.4      5.1   2.5
51         5.1   7.0      5.1   6.9
55         5.1   8.5      5.1   8.4
60         5.1   2.5      5.1   2.7
69         5.1   7.3      5.1   7.2
74         5.1   2.8      5.1   2.9
-- CFB total windy
           off           onto      
model residual table residual table
key                                
37         5.5   8.5      6.8   9.2
39         5.5   2.7      6.8   3.2
41         5.5   9.8      6.8  11.1
45         5.5   8.6      6.8  10.6
46         5.5   2.9      6.8   3.7
51         5.5   8.2      6.8  10.1
55         5.5   9.9      6.8  12.3
60         5.5   2.9      6.8   3.9
69         5.5   8.5      6.8  10.7
74         5.5   3.2      6.8   4.2
-- NFL spread all
           off           onto      
model residual table residual table
key                                
3          9.5  17.8      9.8  18.1
6          9.5   9.2      9.8   9.3
7          9.5  13.2      9.8  13.0
10         9.5   9.0      9.8   8.9

===== Wong teaser legs: the table (full fit) and the raw record 2015-2025
    side  spread  teased_to              totals  table_win  table_push  table_win_ex_push  table2015_win_ex_push  legs_2015_2025  won  pushed  lost  actual_win_ex_push
favorite     7.5        1.5          all totals     0.6993      0.0000             0.6993                 0.7043             166  122       0    44              0.7349
favorite     7.5        1.5 closing total <= 49     0.6993      0.0000             0.6993                 0.7043             131   97       0    34              0.7405
favorite     7.5        1.5  closing total > 49     0.6993      0.0000             0.6993                 0.7043              35   25       0    10              0.7143
favorite     8.0        2.0          all totals     0.6911      0.0233             0.7076                 0.7131              41   30       0    11              0.7317
favorite     8.0        2.0 closing total <= 49     0.6911      0.0233             0.7076                 0.7131              32   22       0    10              0.6875
favorite     8.0        2.0  closing total > 49     0.6911      0.0233             0.7076                 0.7131               9    8       0     1              0.8889
favorite     8.5        2.5          all totals     0.7062      0.0000             0.7062                 0.7117              49   36       0    13              0.7347
favorite     8.5        2.5 closing total <= 49     0.7062      0.0000             0.7062                 0.7117              39   30       0     9              0.7692
favorite     8.5        2.5  closing total > 49     0.7062      0.0000             0.7062                 0.7117              10    6       0     4              0.6000
underdog     1.5        7.5          all totals     0.7194      0.0000             0.7194                 0.7328             102   82       0    20              0.8039
underdog     1.5        7.5 closing total <= 49     0.7194      0.0000             0.7194                 0.7328              85   68       0    17              0.8000
underdog     1.5        7.5  closing total > 49     0.7194      0.0000             0.7194                 0.7328              17   14       0     3              0.8235
underdog     2.0        8.0          all totals     0.7082      0.0220             0.7242                 0.7379              80   59       2    19              0.7564
underdog     2.0        8.0 closing total <= 49     0.7082      0.0220             0.7242                 0.7379              65   50       2    13              0.7937
underdog     2.0        8.0  closing total > 49     0.7082      0.0220             0.7242                 0.7379              15    9       0     6              0.6000
underdog     2.5        8.5          all totals     0.7194      0.0000             0.7194                 0.7331             311  240       0    71              0.7717
underdog     2.5        8.5 closing total <= 49     0.7194      0.0000             0.7194                 0.7331             263  206       0    57              0.7833
underdog     2.5        8.5  closing total > 49     0.7194      0.0000             0.7194                 0.7331              48   34       0    14              0.7083
pooled, all totals: 569-178 (2 pushes), 0.7617 (95% 0.730-0.791); one-sided p against the -120 break-even: 0.080
pooled, closing total <= 49: 473-140 (2 pushes), 0.7716 (95% 0.737-0.803); one-sided p against the -120 break-even: 0.033
pooled, closing total > 49: 96-38 (0 pushes), 0.7164 (95% 0.635-0.786); one-sided p against the -120 break-even: 0.755
leg break-evens: 2-team -110 0.7237, 2-team -120 0.7385, 2-team -130 0.7518, 2-team -140 0.7638, 3-team +140 0.7469, 3-team +150 0.7368, 3-team +160 0.7272, 3-team +180 0.7095

variants: 28 (26 declared before the first run, 2 added after it; see the docstring); running count before this script: 200
