Paper-to-money gate (issue #51): 40,000 simulated CLV paths per cell; 0 variants
CFB Rule B: 426 windy games on 143 days; same-day correlation of the open-to-close move +0.172 (95% interval +0.07 to +0.28; permutation p = 0.000)
NFL Rule B: 371 windy games on 202 days; same-day correlation of the open-to-close move +0.012 (95% interval -0.22 to +0.23; permutation p = 0.454)
Simulated same-day correlation: 0.17 (CFB's estimate) for both sports; stress case 0.28 (CFB's upper bound)

Thresholds this section calibrates (sequential: the t statistic after each settled signal, 10th to 40th, must exceed c, or c * sqrt(40 / n) for OBF). Needed under no edge, worst over the three zero shares:
sport                                    CFB Rule B                      NFL Rule B      
dependence                      same-day correlated             same-day correlated      
volume                                         25.0  40.0  55.0                17.0  25.0
gate                    signals                                                          
sequential constant 5%  10-40                  3.13  3.25  3.39                2.57  2.65
sequential constant 10% 10-40                  2.57  2.67  2.79                2.16  2.22
sequential OBF 5%       10-40                  2.50  2.59  2.74                2.07  2.13
sequential OBF 10%      10-40                  2.04  2.12  2.24                1.71  1.76
t > calibrated 5%       20                     2.12  2.29  2.35                1.80  1.88
                        30                     2.14  2.21  2.44                1.79  1.85
                        40                     2.14  2.23  2.38                1.79  1.85
Used (strictest case, rounded up), and what independent signals alone would need:
  CFB Rule B, sequential OBF 10% at 10-40: 2.24 (independent alone 1.64)
  CFB Rule B, sequential OBF 5% at 10-40: 2.75 (independent alone 1.98)
  CFB Rule B, sequential constant 10% at 10-40: 2.79 (independent alone 2.08)
  CFB Rule B, sequential constant 5% at 10-40: 3.39 (independent alone 2.50)
  CFB Rule B, t > calibrated 5% at 20: 2.35 (independent alone 1.72)
  CFB Rule B, t > calibrated 5% at 30: 2.45 (independent alone 1.68)
  CFB Rule B, t > calibrated 5% at 40: 2.38 (independent alone 1.68)
  NFL Rule B, sequential OBF 10% at 10-40: 1.77 (independent alone 1.51)
  NFL Rule B, sequential OBF 5% at 10-40: 2.14 (independent alone 1.82)
  NFL Rule B, sequential constant 10% at 10-40: 2.23 (independent alone 1.89)
  NFL Rule B, sequential constant 5% at 10-40: 2.66 (independent alone 2.25)
  NFL Rule B, t > calibrated 5% at 20: 1.89 (independent alone 1.58)
  NFL Rule B, t > calibrated 5% at 30: 1.85 (independent alone 1.58)
  NFL Rule B, t > calibrated 5% at 40: 1.85 (independent alone 1.59)

Pass rate by 40 signals, independent signals (the issue's set-up), no zero-CLV signals, no floor
sport                                    CFB Rule B                         NFL Rule B                        
scenario                                    no edge half the move full move    no edge half the move full move
gate                             signals                                                                      
mean CLV > 0 (today's gate)      20           0.496         0.894     0.994      0.493         0.833     0.976
t > 1.65                         20           0.054         0.356     0.804      0.043         0.236     0.629
                                 30           0.052         0.460     0.921      0.042         0.312     0.786
                                 40           0.050         0.548     0.971      0.042         0.382     0.884
bootstrap 90% lower bound > 0    20           0.113         0.509     0.895      0.097         0.395     0.778
                                 30           0.107         0.612     0.964      0.095         0.476     0.890
                                 40           0.104         0.694     0.988      0.098         0.544     0.946
bootstrap 95% lower bound > 0    20           0.062         0.378     0.817      0.051         0.268     0.664
                                 30           0.057         0.476     0.925      0.047         0.338     0.805
                                 40           0.054         0.562     0.973      0.049         0.405     0.894
t > calibrated 5%                20           0.014         0.156     0.569      0.024         0.166     0.530
                                 30           0.010         0.193     0.731      0.027         0.243     0.720
                                 40           0.010         0.280     0.874      0.027         0.302     0.835
sequential constant 5%           10-40        0.010         0.149     0.680      0.019         0.176     0.654
sequential constant 10%          10-40        0.030         0.308     0.852      0.052         0.323     0.810
sequential OBF 5%                10-40        0.008         0.224     0.817      0.021         0.256     0.787
sequential OBF 10%               10-40        0.028         0.398     0.924      0.056         0.407     0.888
registered keep test (reference) 40           0.027         0.428     0.942      0.020         0.265     0.806

Pass rate by 40 signals with same-day correlation 0.17 by season volume, and the stress case at 0.28 (no zeros, no floor)
sport                                             CFB Rule B                                                                                                                                                       NFL Rule B                                                                                                             
dependence                               same-day correlated                                                                                         stress: stronger correlation                         same-day correlated                                                         stress: stronger correlation                        
volume                                                  25.0                            40.0                            55.0                                                 40.0                                        17.0                            25.0                                                 17.0                        
scenario                                             no edge half the move full move no edge half the move full move no edge half the move full move                      no edge half the move full move             no edge half the move full move no edge half the move full move                      no edge half the move full move
gate                             signals                                                                                                                                                                                                                                                                                                  
mean CLV > 0 (today's gate)      20                    0.499         0.852     0.981   0.500         0.834     0.972   0.502         0.832     0.970                        0.503         0.807     0.955               0.493         0.810     0.963   0.494         0.802     0.957                        0.495         0.798     0.954
t > 1.65                         20                    0.096         0.387     0.771   0.111         0.398     0.757   0.118         0.401     0.756                        0.141         0.416     0.741               0.065         0.268     0.617   0.073         0.277     0.613                        0.078         0.284     0.610
                                 30                    0.103         0.474     0.874   0.106         0.477     0.867   0.127         0.484     0.852                        0.135         0.484     0.844               0.064         0.336     0.756   0.070         0.342     0.753                        0.078         0.349     0.742
                                 40                    0.103         0.546     0.932   0.107         0.547     0.926   0.123         0.546     0.918                        0.136         0.547     0.902               0.064         0.398     0.850   0.070         0.401     0.843                        0.077         0.406     0.832
bootstrap 90% lower bound > 0    20                    0.159         0.513     0.858   0.175         0.516     0.841   0.182         0.518     0.839                        0.205         0.520     0.818               0.125         0.406     0.750   0.138         0.409     0.744                        0.142         0.414     0.738
                                 30                    0.164         0.595     0.927   0.168         0.595     0.922   0.191         0.591     0.905                        0.197         0.589     0.898               0.124         0.481     0.857   0.132         0.481     0.850                        0.140         0.482     0.841
                                 40                    0.164         0.663     0.963   0.170         0.660     0.959   0.187         0.653     0.951                        0.199         0.646     0.940               0.122         0.541     0.922   0.131         0.541     0.913                        0.139         0.538     0.906
bootstrap 95% lower bound > 0    20                    0.103         0.403     0.783   0.118         0.413     0.769   0.126         0.417     0.768                        0.149         0.428     0.752               0.074         0.292     0.642   0.083         0.300     0.639                        0.088         0.304     0.634
                                 30                    0.108         0.486     0.880   0.111         0.489     0.873   0.134         0.496     0.857                        0.140         0.494     0.850               0.071         0.356     0.772   0.077         0.362     0.768                        0.085         0.366     0.757
                                 40                    0.108         0.556     0.935   0.112         0.557     0.929   0.127         0.555     0.921                        0.141         0.556     0.905               0.070         0.416     0.860   0.077         0.418     0.852                        0.083         0.421     0.842
t > calibrated 5%                20                    0.034         0.204     0.571   0.045         0.222     0.572   0.049         0.227     0.573                        0.069         0.254     0.576               0.041         0.200     0.529   0.049         0.211     0.530                        0.054         0.219     0.530
                                 30                    0.033         0.251     0.702   0.034         0.253     0.698   0.050         0.278     0.687                        0.053         0.284     0.685               0.044         0.271     0.694   0.049         0.278     0.692                        0.055         0.287     0.683
                                 40                    0.038         0.329     0.824   0.039         0.333     0.816   0.049         0.346     0.809                        0.060         0.356     0.794               0.044         0.326     0.803   0.051         0.334     0.794                        0.055         0.339     0.787
sequential constant 5%           10-40                 0.036         0.233     0.686   0.042         0.244     0.690   0.050         0.261     0.685                        0.068         0.291     0.695               0.042         0.236     0.663   0.049         0.249     0.669                        0.060         0.271     0.672
sequential constant 10%          10-40                 0.077         0.383     0.829   0.087         0.393     0.825   0.098         0.408     0.817                        0.125         0.434     0.817               0.090         0.378     0.800   0.099         0.388     0.797                        0.115         0.406     0.797
sequential OBF 5%                10-40                 0.035         0.293     0.783   0.039         0.303     0.781   0.049         0.316     0.770                        0.063         0.341     0.770               0.042         0.299     0.767   0.048         0.310     0.762                        0.058         0.324     0.760
sequential OBF 10%               10-40                 0.076         0.445     0.883   0.082         0.453     0.880   0.099         0.459     0.867                        0.119         0.480     0.862               0.090         0.438     0.864   0.098         0.447     0.859                        0.111         0.455     0.852
registered keep test (reference) 40                    0.068         0.452     0.895   0.072         0.453     0.887   0.084         0.458     0.879                        0.098         0.463     0.862               0.035         0.290     0.773   0.041         0.298     0.764                        0.045         0.304     0.757

Sequential gates: signals to pass (mean, when it passes) and the chance of no pass by 40
gate                                                                      sequential constant 5%  sequential constant 10%  sequential OBF 5%  sequential OBF 10%
                     sport      dependence          volume scenario                                                                                             
mean_signals_to_pass CFB Rule B same-day correlated 25.0   no edge                         17.46                    17.80              28.94               27.37
                                                           half the move                   21.04                    19.98              29.00               26.69
                                                           full move                       20.35                    18.02              25.79               22.56
                                                    40.0   no edge                         17.14                    17.19              28.38               26.65
                                                           half the move                   20.41                    19.62              28.55               26.24
                                                           full move                       20.09                    17.93              25.49               22.36
                                                    55.0   no edge                         18.30                    17.87              27.86               26.35
                                                           half the move                   20.55                    19.60              28.07               25.83
                                                           full move                       19.77                    17.66              25.18               22.17
                     NFL Rule B same-day correlated 17.0   no edge                         17.24                    17.72              29.29               27.24
                                                           half the move                   20.71                    19.73              28.90               26.58
                                                           full move                       20.20                    18.22              25.85               22.88
                                                    25.0   no edge                         17.70                    17.45              28.60               26.95
                                                           half the move                   20.52                    19.53              28.58               26.24
                                                           full move                       20.10                    18.12              25.63               22.72
p_no_pass_by_40      CFB Rule B same-day correlated 25.0   no edge                          0.96                     0.92               0.97                0.92
                                                           half the move                    0.77                     0.62               0.71                0.56
                                                           full move                        0.31                     0.17               0.22                0.12
                                                    40.0   no edge                          0.96                     0.91               0.96                0.92
                                                           half the move                    0.76                     0.61               0.70                0.55
                                                           full move                        0.31                     0.17               0.22                0.12
                                                    55.0   no edge                          0.95                     0.90               0.95                0.90
                                                           half the move                    0.74                     0.59               0.68                0.54
                                                           full move                        0.32                     0.18               0.23                0.13
                     NFL Rule B same-day correlated 17.0   no edge                          0.96                     0.91               0.96                0.91
                                                           half the move                    0.76                     0.62               0.70                0.56
                                                           full move                        0.34                     0.20               0.23                0.14
                                                    25.0   no edge                          0.95                     0.90               0.95                0.90
                                                           half the move                    0.75                     0.61               0.69                0.55
                                                           full move                        0.33                     0.20               0.24                0.14

Minimum mean CLV floors (0, 0.25, 0.5 points), independent, no zeros
sport                                          CFB Rule B                         NFL Rule B                        
scenario                                          no edge half the move full move    no edge half the move full move
gate                             signals floor                                                                      
mean CLV > 0 (today's gate)      20      0.00       0.496         0.894     0.994      0.493         0.833     0.976
                                         0.25       0.334         0.798     0.982      0.307         0.680     0.933
                                         0.50       0.199         0.660     0.954      0.163         0.493     0.833
t > 1.65                         20      0.00       0.054         0.356     0.804      0.043         0.236     0.629
                                         0.25       0.054         0.356     0.804      0.043         0.236     0.629
                                         0.50       0.054         0.356     0.804      0.043         0.236     0.629
                                 30      0.00       0.052         0.460     0.921      0.042         0.312     0.786
                                         0.25       0.052         0.460     0.921      0.042         0.312     0.786
                                         0.50       0.052         0.460     0.921      0.042         0.312     0.785
                                 40      0.00       0.050         0.548     0.971      0.042         0.382     0.884
                                         0.25       0.050         0.548     0.971      0.042         0.382     0.884
                                         0.50       0.050         0.548     0.971      0.042         0.378     0.880
bootstrap 90% lower bound > 0    20      0.00       0.113         0.509     0.895      0.097         0.395     0.778
                                         0.25       0.113         0.509     0.895      0.097         0.395     0.778
                                         0.50       0.112         0.509     0.895      0.096         0.390     0.773
                                 30      0.00       0.107         0.612     0.964      0.095         0.476     0.890
                                         0.25       0.107         0.612     0.964      0.095         0.476     0.890
                                         0.50       0.105         0.609     0.963      0.089         0.453     0.872
                                 40      0.00       0.104         0.694     0.988      0.098         0.544     0.946
                                         0.25       0.104         0.694     0.988      0.098         0.544     0.946
                                         0.50       0.096         0.682     0.987      0.080         0.477     0.915
bootstrap 95% lower bound > 0    20      0.00       0.062         0.378     0.817      0.051         0.268     0.664
                                         0.25       0.062         0.378     0.817      0.051         0.268     0.664
                                         0.50       0.061         0.378     0.817      0.051         0.268     0.664
                                 30      0.00       0.057         0.476     0.925      0.047         0.338     0.805
                                         0.25       0.057         0.476     0.925      0.047         0.338     0.805
                                         0.50       0.057         0.476     0.925      0.047         0.337     0.803
                                 40      0.00       0.054         0.562     0.973      0.049         0.405     0.894
                                         0.25       0.054         0.562     0.973      0.049         0.405     0.894
                                         0.50       0.054         0.561     0.973      0.048         0.399     0.889
t > calibrated 5%                20      0.00       0.014         0.156     0.569      0.024         0.166     0.530
                                         0.25       0.014         0.156     0.569      0.024         0.166     0.530
                                         0.50       0.014         0.156     0.569      0.024         0.166     0.530
                                 30      0.00       0.010         0.193     0.731      0.027         0.243     0.720
                                         0.25       0.010         0.193     0.731      0.027         0.243     0.720
                                         0.50       0.010         0.193     0.731      0.027         0.243     0.720
                                 40      0.00       0.010         0.280     0.874      0.027         0.302     0.835
                                         0.25       0.010         0.280     0.874      0.027         0.302     0.835
                                         0.50       0.010         0.280     0.874      0.027         0.302     0.834
sequential constant 5%           10-40   0.00       0.010         0.149     0.680      0.019         0.176     0.654
                                         0.25       0.010         0.149     0.680      0.019         0.176     0.654
                                         0.50       0.010         0.149     0.680      0.019         0.176     0.654
sequential constant 10%          10-40   0.00       0.030         0.308     0.852      0.052         0.323     0.810
                                         0.25       0.030         0.308     0.852      0.052         0.323     0.810
                                         0.50       0.030         0.308     0.852      0.052         0.323     0.810
sequential OBF 5%                10-40   0.00       0.008         0.224     0.817      0.021         0.256     0.787
                                         0.25       0.008         0.224     0.817      0.021         0.256     0.787
                                         0.50       0.008         0.224     0.817      0.021         0.256     0.787
sequential OBF 10%               10-40   0.00       0.028         0.398     0.924      0.056         0.407     0.888
                                         0.25       0.028         0.398     0.924      0.056         0.407     0.888
                                         0.50       0.028         0.398     0.924      0.055         0.406     0.887
registered keep test (reference) 40      0.00       0.027         0.428     0.942      0.020         0.265     0.806

Share of signals with CLV exactly 0 (0, 20%, 40%), independent, no floor
sport                                               CFB Rule B                         NFL Rule B                        
scenario                                               no edge half the move full move    no edge half the move full move
gate                             signals zero_share                                                                      
mean CLV > 0 (today's gate)      20      0.0             0.496         0.894     0.994      0.493         0.833     0.976
                                         0.2             0.498         0.868     0.986      0.490         0.807     0.959
                                         0.4             0.500         0.835     0.971      0.492         0.774     0.930
t > 1.65                         20      0.0             0.054         0.356     0.804      0.043         0.236     0.629
                                         0.2             0.054         0.309     0.717      0.042         0.201     0.532
                                         0.4             0.055         0.256     0.601      0.040         0.165     0.421
                                 30      0.0             0.052         0.460     0.921      0.042         0.312     0.786
                                         0.2             0.051         0.394     0.858      0.042         0.262     0.691
                                         0.4             0.052         0.323     0.756      0.041         0.210     0.572
                                 40      0.0             0.050         0.548     0.971      0.042         0.382     0.884
                                         0.2             0.050         0.475     0.933      0.040         0.319     0.805
                                         0.4             0.053         0.388     0.854      0.039         0.257     0.686
bootstrap 90% lower bound > 0    20      0.0             0.113         0.509     0.895      0.097         0.395     0.778
                                         0.2             0.114         0.460     0.838      0.101         0.356     0.707
                                         0.4             0.121         0.410     0.757      0.105         0.318     0.617
                                 30      0.0             0.107         0.612     0.964      0.095         0.476     0.890
                                         0.2             0.107         0.553     0.929      0.096         0.424     0.825
                                         0.4             0.111         0.487     0.866      0.099         0.371     0.740
                                 40      0.0             0.104         0.694     0.988      0.098         0.544     0.946
                                         0.2             0.105         0.630     0.970      0.094         0.484     0.902
                                         0.4             0.108         0.552     0.927      0.096         0.423     0.825
bootstrap 95% lower bound > 0    20      0.0             0.062         0.378     0.817      0.051         0.268     0.664
                                         0.2             0.063         0.338     0.739      0.052         0.239     0.579
                                         0.4             0.071         0.294     0.642      0.055         0.211     0.481
                                 30      0.0             0.057         0.476     0.925      0.047         0.338     0.805
                                         0.2             0.058         0.416     0.868      0.049         0.294     0.718
                                         0.4             0.062         0.353     0.776      0.051         0.249     0.613
                                 40      0.0             0.054         0.562     0.973      0.049         0.405     0.894
                                         0.2             0.055         0.493     0.938      0.047         0.347     0.825
                                         0.4             0.060         0.412     0.867      0.046         0.290     0.721
t > calibrated 5%                20      0.0             0.014         0.156     0.569      0.024         0.166     0.530
                                         0.2             0.013         0.121     0.448      0.024         0.135     0.427
                                         0.4             0.012         0.085     0.308      0.022         0.104     0.315
                                 30      0.0             0.010         0.193     0.731      0.027         0.243     0.720
                                         0.2             0.009         0.146     0.597      0.026         0.195     0.610
                                         0.4             0.008         0.099     0.432      0.024         0.151     0.476
                                 40      0.0             0.010         0.280     0.874      0.027         0.302     0.835
                                         0.2             0.010         0.214     0.767      0.025         0.247     0.738
                                         0.4             0.009         0.150     0.605      0.023         0.189     0.601
sequential constant 5%           10-40   0.0             0.010         0.149     0.680      0.019         0.176     0.654
                                         0.2             0.008         0.097     0.503      0.016         0.128     0.510
                                         0.4             0.004         0.049     0.285      0.012         0.081     0.336
sequential constant 10%          10-40   0.0             0.030         0.308     0.852      0.052         0.323     0.810
                                         0.2             0.026         0.232     0.732      0.046         0.259     0.700
                                         0.4             0.019         0.153     0.545      0.039         0.190     0.550
sequential OBF 5%                10-40   0.0             0.008         0.224     0.817      0.021         0.256     0.787
                                         0.2             0.007         0.158     0.682      0.020         0.198     0.667
                                         0.4             0.006         0.101     0.487      0.017         0.143     0.511
sequential OBF 10%               10-40   0.0             0.028         0.398     0.924      0.056         0.407     0.888
                                         0.2             0.026         0.320     0.845      0.051         0.342     0.809
                                         0.4             0.024         0.235     0.708      0.048         0.270     0.689
registered keep test (reference) 40      0.0             0.027         0.428     0.942      0.020         0.265     0.806
                                         0.2             0.026         0.354     0.881      0.020         0.209     0.695
                                         0.4             0.027         0.273     0.766      0.017         0.158     0.550

Share of signals with CLV exactly 0, with same-day correlation, CFB 40 and NFL 17 a season
sport                                               CFB Rule B                         NFL Rule B                        
scenario                                               no edge half the move full move    no edge half the move full move
gate                             signals zero_share                                                                      
mean CLV > 0 (today's gate)      20      0.0             0.500         0.834     0.972      0.493         0.810     0.963
                                         0.2             0.499         0.818     0.963      0.491         0.787     0.949
                                         0.4             0.500         0.795     0.949      0.496         0.756     0.921
t > 1.65                         20      0.0             0.111         0.398     0.757      0.065         0.268     0.617
                                         0.2             0.102         0.351     0.693      0.058         0.226     0.535
                                         0.4             0.093         0.295     0.598      0.054         0.186     0.436
                                 30      0.0             0.106         0.477     0.867      0.064         0.336     0.756
                                         0.2             0.095         0.422     0.814      0.059         0.288     0.673
                                         0.4             0.085         0.355     0.728      0.054         0.233     0.569
                                 40      0.0             0.107         0.547     0.926      0.064         0.398     0.850
                                         0.2             0.095         0.487     0.885      0.059         0.340     0.779
                                         0.4             0.088         0.413     0.817      0.053         0.276     0.674
bootstrap 90% lower bound > 0    20      0.0             0.175         0.516     0.841      0.125         0.406     0.750
                                         0.2             0.167         0.475     0.797      0.123         0.367     0.692
                                         0.4             0.162         0.427     0.732      0.121         0.326     0.612
                                 30      0.0             0.168         0.595     0.922      0.124         0.481     0.857
                                         0.2             0.158         0.549     0.888      0.119         0.432     0.802
                                         0.4             0.151         0.490     0.830      0.117         0.381     0.723
                                 40      0.0             0.170         0.660     0.959      0.122         0.541     0.922
                                         0.2             0.161         0.611     0.936      0.118         0.487     0.876
                                         0.4             0.150         0.546     0.894      0.115         0.427     0.806
bootstrap 95% lower bound > 0    20      0.0             0.118         0.413     0.769      0.074         0.292     0.642
                                         0.2             0.112         0.371     0.713      0.071         0.256     0.572
                                         0.4             0.107         0.326     0.633      0.070         0.223     0.488
                                 30      0.0             0.111         0.489     0.873      0.071         0.356     0.772
                                         0.2             0.102         0.438     0.824      0.067         0.312     0.698
                                         0.4             0.095         0.377     0.748      0.066         0.263     0.606
                                 40      0.0             0.112         0.557     0.929      0.070         0.416     0.860
                                         0.2             0.101         0.499     0.891      0.066         0.361     0.796
                                         0.4             0.096         0.431     0.829      0.063         0.302     0.701
t > calibrated 5%                20      0.0             0.045         0.222     0.572      0.041         0.200     0.529
                                         0.2             0.038         0.175     0.471      0.037         0.162     0.439
                                         0.4             0.028         0.124     0.342      0.032         0.128     0.337
                                 30      0.0             0.034         0.253     0.698      0.044         0.271     0.694
                                         0.2             0.028         0.198     0.593      0.040         0.224     0.602
                                         0.4             0.022         0.139     0.450      0.036         0.174     0.485
                                 40      0.0             0.039         0.333     0.816      0.044         0.326     0.803
                                         0.2             0.031         0.268     0.732      0.039         0.272     0.716
                                         0.4             0.025         0.196     0.597      0.035         0.212     0.593
sequential constant 5%           10-40   0.0             0.042         0.244     0.690      0.042         0.236     0.663
                                         0.2             0.027         0.161     0.541      0.033         0.175     0.536
                                         0.4             0.012         0.084     0.334      0.021         0.112     0.372
sequential constant 10%          10-40   0.0             0.087         0.393     0.825      0.090         0.378     0.800
                                         0.2             0.067         0.310     0.729      0.077         0.309     0.706
                                         0.4             0.044         0.210     0.567      0.061         0.231     0.570
sequential OBF 5%                10-40   0.0             0.039         0.303     0.781      0.042         0.299     0.767
                                         0.2             0.028         0.225     0.671      0.034         0.236     0.662
                                         0.4             0.019         0.146     0.505      0.028         0.172     0.522
sequential OBF 10%               10-40   0.0             0.082         0.453     0.880      0.090         0.438     0.864
                                         0.2             0.066         0.376     0.812      0.079         0.373     0.793
                                         0.4             0.051         0.288     0.695      0.069         0.301     0.684
registered keep test (reference) 40      0.0             0.072         0.453     0.887      0.035         0.290     0.773
                                         0.2             0.062         0.387     0.832      0.031         0.237     0.677
                                         0.4             0.054         0.312     0.737      0.026         0.181     0.546

Passes, then fails the registered keep test at 40 (same-day correlation, CFB 40 and NFL 17 a season, no zeros)
sport                                    CFB Rule B                         NFL Rule B                        
scenario                                    no edge half the move full move    no edge half the move full move
gate                             signals                                                                      
mean CLV > 0 (today's gate)      20           0.431         0.390     0.091      0.459         0.523     0.196
t > 1.65                         20           0.070         0.098     0.028      0.046         0.093     0.047
                                 30           0.053         0.095     0.032      0.038         0.098     0.055
                                 40           0.035         0.094     0.038      0.029         0.108     0.077
bootstrap 90% lower bound > 0    20           0.124         0.159     0.043      0.100         0.181     0.084
                                 30           0.105         0.170     0.052      0.092         0.208     0.105
                                 40           0.098         0.207     0.072      0.087         0.252     0.149
bootstrap 95% lower bound > 0    20           0.076         0.106     0.030      0.054         0.108     0.054
                                 30           0.057         0.101     0.034      0.044         0.111     0.062
                                 40           0.040         0.104     0.041      0.035         0.127     0.087
t > calibrated 5%                20           0.022         0.035     0.012      0.027         0.059     0.032
                                 30           0.008         0.018     0.007      0.022         0.060     0.035
                                 40           0.000         0.000     0.000      0.009         0.036     0.030
sequential constant 5%           10-40        0.020         0.028     0.011      0.025         0.050     0.026
sequential constant 10%          10-40        0.045         0.063     0.021      0.060         0.117     0.059
sequential OBF 5%                10-40        0.007         0.013     0.006      0.013         0.039     0.025
sequential OBF 10%               10-40        0.024         0.047     0.017      0.055         0.148     0.091
registered keep test (reference) 40           0.000         0.000     0.000      0.000         0.000     0.000

Calendar, same-day correlated signals, no zeros: chance the gate has decided / passed by the regular-season end and by the season end, and the median pass date

CFB Rule B, 25 signals a season (wind cut-off about 16.6 mph; 25.0 a season in 2016-25)
                                         p_decided_by_season_end                         p_pass_by_reg_end                         p_pass_by_season_end                         mean_staked_bets_this_season                        
scenario                                                 no edge half the move full move           no edge half the move full move              no edge half the move full move                      no edge half the move full move
gate                             signals                                                                                                                                                                                            
mean CLV > 0 (today's gate)      20                         0.60          0.60      0.60              0.30          0.50      0.58                 0.30          0.50      0.58                         3.10          5.20      6.09
t > 1.65                         20                         0.60          0.60      0.60              0.06          0.24      0.45                 0.06          0.24      0.45                         0.72          2.48      4.71
                                 30                         0.33          0.33      0.33              0.04          0.14      0.25                 0.04          0.16      0.28                         0.23          0.86      1.52
                                 40                         0.03          0.03      0.03              0.00          0.00      0.00                 0.00          0.02      0.03                         0.00          0.00      0.00
bootstrap 90% lower bound > 0    20                         0.60          0.60      0.60              0.10          0.31      0.51                 0.10          0.31      0.51                         1.12          3.19      5.26
                                 30                         0.33          0.33      0.33              0.06          0.17      0.27                 0.06          0.19      0.30                         0.35          1.05      1.62
                                 40                         0.03          0.03      0.03              0.00          0.00      0.00                 0.01          0.02      0.03                         0.00          0.00      0.00
bootstrap 95% lower bound > 0    20                         0.60          0.60      0.60              0.07          0.24      0.46                 0.07          0.24      0.46                         0.77          2.57      4.79
                                 30                         0.33          0.33      0.33              0.04          0.15      0.26                 0.04          0.16      0.28                         0.24          0.88      1.53
                                 40                         0.03          0.03      0.03              0.00          0.00      0.00                 0.00          0.02      0.03                         0.00          0.00      0.00
t > calibrated 5%                20                         0.60          0.60      0.60              0.02          0.13      0.34                 0.02          0.13      0.34                         0.28          1.41      3.53
                                 30                         0.33          0.33      0.33              0.01          0.08      0.20                 0.02          0.09      0.23                         0.09          0.50      1.23
                                 40                         0.03          0.03      0.03              0.00          0.00      0.00                 0.00          0.01      0.03                         0.00          0.00      0.00
sequential constant 5%           10-40                      0.06          0.18      0.46              0.03          0.15      0.43                 0.03          0.16      0.45                         0.44          1.95      5.46
sequential constant 10%          10-40                      0.09          0.29      0.62              0.06          0.26      0.59                 0.06          0.27      0.61                         0.87          3.33      7.61
sequential OBF 5%                10-40                      0.05          0.14      0.37              0.02          0.11      0.33                 0.02          0.12      0.36                         0.16          1.06      3.49
sequential OBF 10%               10-40                      0.07          0.22      0.51              0.04          0.19      0.47                 0.04          0.20      0.50                         0.40          2.01      5.31
registered keep test (reference) 40                         0.03          0.03      0.03              0.00          0.00      0.00                 0.00          0.02      0.03                         0.00          0.00      0.00
scenario                                 half the move   full move
gate                             signals                          
mean CLV > 0 (today's gate)      20         2026-11-21  2026-11-21
t > 1.65                         20         2026-11-21  2026-11-21
                                 30         2026-11-21  2026-11-21
                                 40         2026-12-19  2026-12-19
bootstrap 90% lower bound > 0    20         2026-11-21  2026-11-21
                                 30         2026-11-21  2026-11-21
                                 40         2026-12-19  2026-12-19
bootstrap 95% lower bound > 0    20         2026-11-21  2026-11-21
                                 30         2026-11-21  2026-11-21
                                 40         2026-12-19  2026-12-19
t > calibrated 5%                20         2026-11-21  2026-11-21
                                 30         2026-11-21  2026-11-21
                                 40         2026-12-19  2026-12-19
sequential constant 5%           10-40      2026-11-14  2026-11-14
sequential constant 10%          10-40      2026-11-10  2026-11-07
sequential OBF 5%                10-40      2026-11-21  2026-11-21
sequential OBF 10%               10-40      2026-11-21  2026-11-18
registered keep test (reference) 40         2026-12-19  2026-12-19

CFB Rule B, 40 signals a season (wind cut-off about 15.0 mph; 40.0 a season in 2016-25)
                                         p_decided_by_season_end                         p_pass_by_reg_end                         p_pass_by_season_end                         mean_staked_bets_this_season                        
scenario                                                 no edge half the move full move           no edge half the move full move              no edge half the move full move                      no edge half the move full move
gate                             signals                                                                                                                                                                                            
mean CLV > 0 (today's gate)      20                         1.00          1.00      1.00              0.50          0.83      0.97                 0.50          0.83      0.97                        10.01         16.47     19.36
t > 1.65                         20                         1.00          1.00      1.00              0.11          0.40      0.76                 0.11          0.40      0.76                         2.42          8.08     14.98
                                 30                         0.73          0.73      0.73              0.08          0.34      0.60                 0.08          0.35      0.63                         1.30          5.25      9.27
                                 40                         0.53          0.53      0.53              0.06          0.27      0.45                 0.07          0.29      0.49                         0.61          2.58      4.27
bootstrap 90% lower bound > 0    20                         1.00          1.00      1.00              0.18          0.52      0.84                 0.18          0.52      0.84                         3.73         10.34     16.64
                                 30                         0.73          0.73      0.73              0.13          0.41      0.64                 0.13          0.43      0.67                         2.02          6.44      9.86
                                 40                         0.53          0.53      0.53              0.09          0.32      0.47                 0.10          0.35      0.51                         0.91          3.07      4.44
bootstrap 95% lower bound > 0    20                         1.00          1.00      1.00              0.12          0.41      0.77                 0.12          0.41      0.77                         2.58          8.38     15.20
                                 30                         0.73          0.73      0.73              0.08          0.34      0.60                 0.09          0.36      0.63                         1.36          5.37      9.34
                                 40                         0.53          0.53      0.53              0.06          0.28      0.46                 0.07          0.30      0.49                         0.63          2.63      4.29
t > calibrated 5%                20                         1.00          1.00      1.00              0.05          0.22      0.57                 0.05          0.22      0.57                         1.04          4.65     11.45
                                 30                         0.73          0.73      0.73              0.03          0.18      0.48                 0.03          0.19      0.51                         0.45          2.94      7.50
                                 40                         0.53          0.53      0.53              0.03          0.17      0.40                 0.03          0.19      0.43                         0.25          1.66      3.75
sequential constant 5%           10-40                      0.55          0.61      0.79              0.04          0.22      0.61                 0.04          0.22      0.62                         1.08          5.21     14.19
sequential constant 10%          10-40                      0.56          0.67      0.87              0.08          0.35      0.75                 0.08          0.36      0.77                         2.21          8.47     18.48
sequential OBF 5%                10-40                      0.54          0.60      0.78              0.03          0.23      0.62                 0.03          0.24      0.66                         0.62          4.16     12.01
sequential OBF 10%               10-40                      0.55          0.66      0.86              0.07          0.35      0.76                 0.07          0.37      0.79                         1.39          6.93     15.89
registered keep test (reference) 40                         0.53          0.53      0.53              0.04          0.23      0.43                 0.05          0.25      0.47                         0.43          2.18      4.08
scenario                                 half the move   full move
gate                             signals                          
mean CLV > 0 (today's gate)      20         2026-11-07  2026-11-07
t > 1.65                         20         2026-10-31  2026-11-07
                                 30         2026-11-14  2026-11-14
                                 40         2026-11-21  2026-11-21
bootstrap 90% lower bound > 0    20         2026-11-07  2026-11-07
                                 30         2026-11-14  2026-11-14
                                 40         2026-11-21  2026-11-21
bootstrap 95% lower bound > 0    20         2026-10-31  2026-11-07
                                 30         2026-11-14  2026-11-14
                                 40         2026-11-21  2026-11-21
t > calibrated 5%                20         2026-10-31  2026-11-07
                                 30         2026-11-14  2026-11-14
                                 40         2026-11-21  2026-11-21
sequential constant 5%           10-40      2026-10-24  2026-10-31
sequential constant 10%          10-40      2026-10-24  2026-10-24
sequential OBF 5%                10-40      2026-11-14  2026-11-14
sequential OBF 10%               10-40      2026-11-14  2026-11-07
registered keep test (reference) 40         2026-11-21  2026-11-21

CFB Rule B, 55 signals a season (wind cut-off about 13.8 mph; 55.1 a season in 2016-25)
                                         p_decided_by_season_end                         p_pass_by_reg_end                         p_pass_by_season_end                         mean_staked_bets_this_season                        
scenario                                                 no edge half the move full move           no edge half the move full move              no edge half the move full move                      no edge half the move full move
gate                             signals                                                                                                                                                                                            
mean CLV > 0 (today's gate)      20                         1.00          1.00      1.00              0.50          0.83      0.97                 0.50          0.83      0.97                        17.60         28.91     33.89
t > 1.65                         20                         1.00          1.00      1.00              0.12          0.40      0.76                 0.12          0.40      0.76                         4.42         14.20     26.31
                                 30                         1.00          1.00      1.00              0.13          0.48      0.85                 0.13          0.48      0.85                         3.55         12.24     21.07
                                 40                         0.74          0.74      0.74              0.09          0.33      0.54                 0.10          0.40      0.67                         2.26          8.61     14.27
bootstrap 90% lower bound > 0    20                         1.00          1.00      1.00              0.18          0.52      0.84                 0.18          0.52      0.84                         6.67         18.15     29.17
                                 30                         1.00          1.00      1.00              0.19          0.59      0.91                 0.19          0.59      0.91                         5.17         14.74     22.44
                                 40                         0.74          0.74      0.74              0.12          0.39      0.56                 0.14          0.48      0.70                         3.29         10.15     14.84
bootstrap 95% lower bound > 0    20                         1.00          1.00      1.00              0.13          0.42      0.77                 0.13          0.42      0.77                         4.70         14.72     26.72
                                 30                         1.00          1.00      1.00              0.13          0.50      0.86                 0.13          0.50      0.86                         3.72         12.50     21.21
                                 40                         0.74          0.74      0.74              0.09          0.33      0.54                 0.10          0.41      0.67                         2.33          8.74     14.32
t > calibrated 5%                20                         1.00          1.00      1.00              0.05          0.23      0.57                 0.05          0.23      0.57                         1.92          8.21     20.05
                                 30                         1.00          1.00      1.00              0.05          0.28      0.69                 0.05          0.28      0.69                         1.49          7.29     17.06
                                 40                         0.74          0.74      0.74              0.04          0.22      0.48                 0.04          0.26      0.59                         0.99          5.73     12.53
sequential constant 5%           10-40                      0.74          0.79      0.91              0.05          0.25      0.66                 0.05          0.26      0.68                         2.05          9.41     24.16
sequential constant 10%          10-40                      0.75          0.83      0.95              0.10          0.39      0.80                 0.10          0.40      0.81                         3.97         14.75     30.43
sequential OBF 5%                10-40                      0.74          0.80      0.93              0.05          0.29      0.73                 0.05          0.31      0.76                         1.57          8.92     22.86
sequential OBF 10%               10-40                      0.75          0.84      0.96              0.09          0.43      0.84                 0.10          0.45      0.86                         3.22         13.66     28.32
registered keep test (reference) 40                         0.74          0.74      0.74              0.06          0.28      0.52                 0.07          0.34      0.64                         1.61          7.35     13.63
scenario                                 half the move   full move
gate                             signals                          
mean CLV > 0 (today's gate)      20         2026-10-24  2026-10-24
t > 1.65                         20         2026-10-24  2026-10-24
                                 30         2026-10-31  2026-11-05
                                 40         2026-11-14  2026-11-14
bootstrap 90% lower bound > 0    20         2026-10-24  2026-10-24
                                 30         2026-11-05  2026-11-05
                                 40         2026-11-14  2026-11-14
bootstrap 95% lower bound > 0    20         2026-10-24  2026-10-24
                                 30         2026-10-31  2026-11-05
                                 40         2026-11-14  2026-11-14
t > calibrated 5%                20         2026-10-24  2026-10-24
                                 30         2026-10-31  2026-11-05
                                 40         2026-11-14  2026-11-14
sequential constant 5%           10-40      2026-10-24  2026-10-24
sequential constant 10%          10-40      2026-10-24  2026-10-24
sequential OBF 5%                10-40      2026-10-31  2026-10-31
sequential OBF 10%               10-40      2026-10-31  2026-10-24
registered keep test (reference) 40         2026-11-14  2026-11-14

NFL Rule B, 17 signals a season (wind cut-off about 15.3 mph; 17.0 a season in 2016-25)
                                         p_decided_by_season_end                         p_pass_by_reg_end                         p_pass_by_season_end                         mean_staked_bets_this_season                        
scenario                                                 no edge half the move full move           no edge half the move full move              no edge half the move full move                      no edge half the move full move
gate                             signals                                                                                                                                                                                            
mean CLV > 0 (today's gate)      20                         0.20          0.20      0.20              0.10          0.16      0.19                 0.10          0.16      0.19                         0.10          0.15      0.19
t > 1.65                         20                         0.20          0.20      0.20              0.01          0.05      0.12                 0.01          0.05      0.12                         0.02          0.05      0.12
                                 30                         0.00          0.00      0.00              0.00          0.00      0.00                 0.00          0.00      0.00                         0.00          0.00      0.00
                                 40                         0.00          0.00      0.00              0.00          0.00      0.00                 0.00          0.00      0.00                         0.00          0.00      0.00
bootstrap 90% lower bound > 0    20                         0.20          0.20      0.20              0.03          0.08      0.15                 0.03          0.08      0.15                         0.03          0.08      0.14
                                 30                         0.00          0.00      0.00              0.00          0.00      0.00                 0.00          0.00      0.00                         0.00          0.00      0.00
                                 40                         0.00          0.00      0.00              0.00          0.00      0.00                 0.00          0.00      0.00                         0.00          0.00      0.00
bootstrap 95% lower bound > 0    20                         0.20          0.20      0.20              0.02          0.06      0.13                 0.02          0.06      0.13                         0.02          0.06      0.12
                                 30                         0.00          0.00      0.00              0.00          0.00      0.00                 0.00          0.00      0.00                         0.00          0.00      0.00
                                 40                         0.00          0.00      0.00              0.00          0.00      0.00                 0.00          0.00      0.00                         0.00          0.00      0.00
t > calibrated 5%                20                         0.20          0.20      0.20              0.01          0.04      0.10                 0.01          0.04      0.10                         0.01          0.04      0.11
                                 30                         0.00          0.00      0.00              0.00          0.00      0.00                 0.00          0.00      0.00                         0.00          0.00      0.00
                                 40                         0.00          0.00      0.00              0.00          0.00      0.00                 0.00          0.00      0.00                         0.00          0.00      0.00
sequential constant 5%           10-40                      0.03          0.11      0.31              0.03          0.11      0.31                 0.03          0.11      0.31                         0.16          0.62      1.74
sequential constant 10%          10-40                      0.05          0.19      0.45              0.05          0.19      0.45                 0.05          0.19      0.45                         0.33          1.08      2.59
sequential OBF 5%                10-40                      0.00          0.03      0.14              0.00          0.03      0.14                 0.00          0.03      0.14                         0.02          0.13      0.53
sequential OBF 10%               10-40                      0.02          0.08      0.26              0.02          0.08      0.26                 0.02          0.08      0.26                         0.07          0.33      1.09
registered keep test (reference) 40                         0.00          0.00      0.00              0.00          0.00      0.00                 0.00          0.00      0.00                         0.00          0.00      0.00
scenario                              half the move   full move
gate                          signals                          
mean CLV > 0 (today's gate)   20         2027-01-03  2027-01-03
t > 1.65                      20         2026-12-14  2026-12-14
bootstrap 90% lower bound > 0 20         2026-12-14  2027-01-03
bootstrap 95% lower bound > 0 20         2026-12-14  2027-01-03
t > calibrated 5%             20         2026-12-14  2026-12-14
sequential constant 5%        10-40      2026-11-29  2026-12-04
sequential constant 10%       10-40      2026-11-29  2026-11-29
sequential OBF 5%             10-40      2026-12-13  2026-12-13
sequential OBF 10%            10-40      2026-12-13  2026-12-13

NFL Rule B, 25 signals a season (wind cut-off about 13.1 mph; 24.7 a season in 2016-25)
                                         p_decided_by_season_end                         p_pass_by_reg_end                         p_pass_by_season_end                         mean_staked_bets_this_season                        
scenario                                                 no edge half the move full move           no edge half the move full move              no edge half the move full move                      no edge half the move full move
gate                             signals                                                                                                                                                                                            
mean CLV > 0 (today's gate)      20                         0.80          0.80      0.80              0.39          0.64      0.76                 0.39          0.64      0.76                         2.57          4.15      4.96
t > 1.65                         20                         0.80          0.80      0.80              0.06          0.22      0.49                 0.06          0.22      0.49                         0.40          1.46      3.18
                                 30                         0.10          0.10      0.10              0.01          0.04      0.08                 0.01          0.04      0.08                         0.01          0.04      0.08
                                 40                         0.00          0.00      0.00              0.00          0.00      0.00                 0.00          0.00      0.00                         0.00          0.00      0.00
bootstrap 90% lower bound > 0    20                         0.80          0.80      0.80              0.11          0.33      0.59                 0.11          0.33      0.59                         0.75          2.14      3.85
                                 30                         0.10          0.10      0.10              0.01          0.05      0.09                 0.01          0.05      0.09                         0.01          0.05      0.09
                                 40                         0.00          0.00      0.00              0.00          0.00      0.00                 0.00          0.00      0.00                         0.00          0.00      0.00
bootstrap 95% lower bound > 0    20                         0.80          0.80      0.80              0.07          0.24      0.51                 0.07          0.24      0.51                         0.46          1.58      3.31
                                 30                         0.10          0.10      0.10              0.01          0.04      0.08                 0.01          0.04      0.08                         0.01          0.04      0.08
                                 40                         0.00          0.00      0.00              0.00          0.00      0.00                 0.00          0.00      0.00                         0.00          0.00      0.00
t > calibrated 5%                20                         0.80          0.80      0.80              0.04          0.17      0.42                 0.04          0.17      0.42                         0.27          1.12      2.75
                                 30                         0.10          0.10      0.10              0.01          0.03      0.07                 0.01          0.03      0.07                         0.01          0.03      0.07
                                 40                         0.00          0.00      0.00              0.00          0.00      0.00                 0.00          0.00      0.00                         0.00          0.00      0.00
sequential constant 5%           10-40                      0.04          0.17      0.46              0.04          0.17      0.46                 0.04          0.17      0.46                         0.44          1.78      4.83
sequential constant 10%          10-40                      0.08          0.27      0.60              0.08          0.27      0.60                 0.08          0.27      0.60                         0.90          2.98      6.76
sequential OBF 5%                10-40                      0.02          0.11      0.36              0.02          0.11      0.36                 0.02          0.11      0.36                         0.11          0.69      2.52
sequential OBF 10%               10-40                      0.04          0.20      0.52              0.04          0.20      0.52                 0.04          0.20      0.52                         0.31          1.47      4.23
registered keep test (reference) 40                         0.00          0.00      0.00              0.00          0.00      0.00                 0.00          0.00      0.00                         0.00          0.00      0.00
scenario                              half the move   full move
gate                          signals                          
mean CLV > 0 (today's gate)   20         2026-12-13  2026-12-13
t > 1.65                      20         2026-12-13  2026-12-13
                              30         2026-12-27  2026-12-27
bootstrap 90% lower bound > 0 20         2026-12-13  2026-12-13
                              30         2026-12-27  2026-12-27
bootstrap 95% lower bound > 0 20         2026-12-13  2026-12-13
                              30         2026-12-27  2026-12-27
t > calibrated 5%             20         2026-12-13  2026-12-13
                              30         2026-12-27  2026-12-27
sequential constant 5%        10-40      2026-11-29  2026-11-29
sequential constant 10%       10-40      2026-11-22  2026-11-22
sequential OBF 5%             10-40      2026-12-19  2026-12-13
sequential OBF 10%            10-40      2026-12-13  2026-12-06

Betting from the first signal: bankroll change (1 unit = 0.5% of bankroll)
 bets                                          scenario  mean_units  p5_units  p95_units  p_behind  mean_pct_bankroll  p5_pct_bankroll  p95_pct_bankroll
   20                            no edge, 50.0% at -110       -0.91     -8.55       6.73      0.59              -0.45            -4.27              3.36
   20                      half the edge, 53.3% at -110        0.35     -6.64       6.73      0.47               0.18            -3.32              3.36
   20 historical edge (CFB windy unders), 56.6% at -110        1.61     -4.73       8.64      0.35               0.81            -2.36              4.32
   40                            no edge, 50.0% at -110       -1.82    -11.36       7.73      0.56              -0.91            -5.68              3.86
   40                      half the edge, 53.3% at -110        0.70     -9.45       9.64      0.40               0.35            -4.73              4.82
   40 historical edge (CFB windy unders), 56.6% at -110        3.22     -7.55      13.45      0.25               1.61            -3.77              6.73
