sport  season stand_in  games  kickoff_slots  daily_plus_close_snaps  hourly_7d_snaps  windy12_obs
  NFL    2020             269            123                     273             3700           42
  NFL    2021             285            127                     284             3871           61
  NFL    2022             284            132                     289             3875           55
  NFL    2023             285            136                     293             3876           35
  NFL    2024             285            138                     295             3873           38
  NFL    2025             285            139                     296             3870           35
  NFL    2026     2025    285            139                     296             3870           35
  CFB    2020             588            285                     430             3837           68
  CFB    2021             895            329                     470             3813          109
  CFB    2022             900            335                     474             3811          138
  CFB    2023             910            325                     454             3540           96
  CFB    2024             920            369                     509             3843          106
  CFB    2025             934            381                     522             3851           82
  CFB    2026     2025    934            381                     522             3851           82 

Oct 2026 kickoff slots: NFL 29; CFB ~108 (Oct 2025: 59 on 4 Saturdays, 34 other days)
NFL games in Nov 2025: 70

 id                                     stage                                                                                                                             use                                                                arithmetic      credits  value
 L1                           live, per month                                                                                                NFL alerts: live Pinnacle totals                                1 market x 1 book group x 4 runs x 31 days          124      5
 L2                           live, per month                                                                                     CFB alerts: live Pinnacle/DraftKings totals                                                  1 x 1 x 4 runs x 31 days          124      5
 L3                           live, per month                                                                       Close capture: one totals call per kickoff slot, Oct 2026                                             1 x (29 NFL + ~108 CFB slots)          137      5
 L4                             if B12 passes                                                                                   NBA forward collector (PLAN.md s7), per month         1 x (144 to 288 five-min ticks + 0 to 205 one-min) x 27 game days 3,888-14,175      2
 L5                       optional, per month                         Live logger: hourly multi-book featured lines, both sports, + NFL props, alternates, 1H and team totals           3 x 24 x 30 x 2 sports + 70 NFL games x (4 props + 4 x 2 snaps)         5160      3
 P0                                 Oct pilot Probes: billing multiplier, Pinnacle props/alternates/periods, LowVig and exchange history starts, one test week per new puller                                                                    capped         1000      4
 B1                                 Oct pilot                                            NFL Pinnacle totals at the forecast decision times, 2024-25 (existing backfill_plan)                                   10 x 1 market x 1 group x 826 snapshots         8260      3
B12                                 Oct pilot                                                                                           NBA sample week, schedule A (PLAN.md)                                                10 x 1 x 1 x 754 snapshots         7540      4
 M1                                main month                                Multi-book featured lines, daily 16:00 UTC for 7 days pre-kickoff + every close, NFL+CFB 2020-26                     10 x 3 markets x 1 group (10 books) x 5,407 snapshots       162210      4
 M2                                main month                                                                       Alternate spreads+totals, NFL 2023-26, at T-24h and close                          10 x 2 markets x 1 group x 2 snaps x 1,140 games        45600      3
 M3                                main month                                                                             Player props (4 markets), NFL 2023-26, at the close                                         10 x 4 x 1 x 1 snap x 1,140 games        45600      3
 M4                dropped (pre-check failed)                   1H totals + team totals, windy NFL games (obs >= 12 mph) + as many calm controls, 2023-26, at T-24h and close                             10 x 2 x 1 x 2 snaps x (143 windy + 143 calm)        11440      1
 M6 main month if #21 is in the data-use plan                                                      Kicker props (kicking points, field goals made), NFL 2023-26, at the close                                         10 x 2 x 1 x 1 snap x 1,140 games        22800      3
 M5                 main month if H3 proceeds                                                                    NBA Pinnacle closes 2021-26 for the H3 Kaggle test (PLAN.md)                                             10 x 1 x 1 x ~3,955 tip times        39550      2
 N1                             if B12 passes                                                    NBA 2025-26 full season, schedule D: 5-min from market open to tip (PLAN.md) 10 x 1 x 1 x 49,398 snapshots, less B12's 754 and M5's 791 already cached       478530      2
 X1                                  deferred                                                           Hourly multi-book featured lines, 7 days pre-kickoff, NFL+CFB 2020-26                                             10 x 3 x 1 x 53,481 snapshots      1604430      3
 X2                                  deferred                                                                  5-min totals for 72h before windy kickoffs, 2024-25, net of X1                     10 x 1 x 1 x 70,558 snapshots (77,378 before netting)       705580      1
 X3                                   dropped                                                         Exchange book group (Kalshi, Polymarket, Novig, ProphetX), hourly, 2025                                              10 x 3 x 1 x 7,721 snapshots       231630      1
 X4                                   dropped                                                                                           Alternate spreads+totals, CFB 2023-25                                              10 x 2 x 1 x 2 x 2,764 games       110560      1
 X5                                   dropped                                                                Player props, CFB 2023-25, 4 markets x 4 snapshots (upper bound)                                              10 x 4 x 1 x 4 x 2,764 games       442240      1
 X6                            replaced by M3                                                                              Player props, NFL 2023-25, 4 markets x 4 snapshots                                                10 x 4 x 1 x 4 x 855 games       136800      2
 X7                            replaced by M4                                                    1H totals + team totals every 2h over 72h, windy + calm, NFL and CFB 2023-25                                 10 x 2 x 1 x 37 x 2 x (108 NFL + 284 CFB)       580160      1 

Live, Oct 2026 (L1-L3): 385   Oct pilot (P0+B1+B12): 16,800   with live: 17,185
Main month core (M1-M3): 253,410   with M5: 292,960   + N1 + X1: 2,375,920

plan  credits  usd  usd_per_1k  live_oct_2026  pilot_plus_live  main_core_M1_M3  main_all_M1_M3_M5  main_plus_N1_X1
Free      500    0      0.0000           True            False            False              False            False
 20K    20000   30      1.5000           True             True            False              False            False
100K   100000   59      0.5900           True             True            False              False            False
  5M  5000000  119      0.0238           True             True             True               True             True
 15M 15000000  249      0.0166           True             True             True               True             True 

Live credits by month (2025-26 schedule relabelled as 2026-27):
  month  nfl_alert_runs  nfl_close_slots  cfb_alert_runs  cfb_close_slots  alerts  alerts_plus_close
2026-08              20                0              68               40      88                128
2026-09             120               28             120               91     240                359
2026-10             124               30             124               94     248                372
2026-11             120               33             120              105     240                378
2026-12             124               30             124               42     248                320
2027-01             104               17              72                9     176                202
2027-02              32                1               0                0      32                 33

5M month: historical pulls ranked by research value (cut line at 4,500,000; reserve 300,000)
id  value  credits  cumulative  in_plan                                                                                                     pull
F1      4   162210      162210     True                NFL+CFB featured, 10 books, daily 16:00 UTC for 7 days pre-kickoff + every close, 2020-26
F2      3   102600      264810     True                      NFL alternate spreads, alternate totals, team totals at T-24h, T-2h, close, 2023-26
F3      3   273600      538410     True NFL props: pass/rush/rec yds, receptions, kicking points, FGs made at T-48h, T-24h, T-2h, close, 2023-26
B1      3   358470      896880     True                                 MLB featured (moneyline, run line, totals), daily + every close, 2020-26
S1      3   491970     1388850     True          Soccer heat leagues and tournaments, featured (h2h 3-way, spreads, totals), daily + every close
F4      3  1604430     2993280     True                                       NFL+CFB featured, 10 books, HOURLY for 7 days pre-kickoff, 2020-26
H1      2   163860     3157140     True                                NHL featured (moneyline, puck line, totals), daily + every close, 2020-26
N2      2   170460     3327600     True                                            NBA featured, daily + every close, seasons other than 2025-26
F5      2   221880     3549480     True                                          CFB alternate lines and team totals at T-24h and close, 2023-26
N1      2   478530     4028010     True                                 NBA 2025-26 at 5-min resolution, h2h, 3 sharp books (PLAN.md schedule D)
F6      1   147920     4175930     True                         CFB props (4 yardage markets) at the close, 2023-26 (upper bound; thin coverage)
X3      1   231630     4407560     True                                  Exchange book group (Kalshi, Polymarket, Novig, ProphetX), hourly, 2025
X2      1   705580     5113140    False                                              5-min NFL+CFB totals for 72h before windy kickoffs, 2024-25

In plan: 4,407,560 credits of history + 300,000 reserve = 4,707,560 of 5,000,000; below the cut: X2 (705,580)

Season structures (estimates for non-football sports; the probe replaces them):
                     seasons  games  snapshots  sealed
sport                                                 
NBA                        7   7942       6800       0
NHL                        7   8072       5462       0
MLB                        7  15789      11949       1
MLS                        7   3361       3501       1
Liga MX                    7   2225       3793       1
Brasileirao                7   2660       3192       1
J1 League                  7   2238       2747       1
K League 1                 7   1530       2554       1
World Cups                 2    168        234       1
Euro 2024                  1     51         84       0
Copa America 2024          1     32         61       0
Club World Cup 2025        1     63         94       0
Gold Cup 2025              1     31         58       0
Leagues Cup 2025           1     45         81       0

Live uses per month (1 credit per market per group per call):
                                                          live use                             arithmetic  credits_per_month
                               Alerts, NFL + CFB (10 books a call)            4 runs x 31 days x 2 sports                248
                         Close capture (one call per kickoff slot)                   ~137 NFL + CFB slots                137
Trigger poller: every 10 min while a Rule B wind trigger is active ~6 polls/h x 72 h x ~6 trigger windows               2600
               NFL props, alternates, team totals log (event odds)            70 games x 9 mkts x 4 snaps               2520
     NBA collector, PLAN.md s7 (5-min h2h ticks + 1-min final 2 h)       27 game days x (144-288 + 0-205)              14175
Total live, high case: 19,680 a month
