issue                                                            test                   subset     n  estimate     se      p                                                                                                                      note
  #17          ROI backing this band at the consensus close, dog <20%                2006-2025   611   -0.1498 0.0879 0.9556                                                                         win 0.139 vs no-vig 0.153: bias -0.014 (se 0.014)
  #17        ROI backing this band at the consensus close, dog 20-35%                2006-2025  2122   -0.0475 0.0342 0.9177                                                                         win 0.274 vs no-vig 0.280: bias -0.005 (se 0.010)
  #17            ROI backing this band at the consensus close, 35-50%                2006-2025  2575    0.0162 0.0230 0.2404                                                                         win 0.437 vs no-vig 0.420: bias +0.017 (se 0.010)
  #17          ROI backing this band at the consensus close, fav >50%                2006-2025  5254   -0.0354 0.0098 0.9999                                                                         win 0.664 vs no-vig 0.669: bias -0.005 (se 0.006)
  #17          ROI backing this band at the consensus close, dog <20%                2006-2015   344   -0.1216 0.1176 0.8492                                                                         win 0.145 vs no-vig 0.154: bias -0.009 (se 0.019)
  #17        ROI backing this band at the consensus close, dog 20-35%                2006-2015  1035   -0.0059 0.0496 0.5472                                                                         win 0.286 vs no-vig 0.281: bias +0.005 (se 0.014)
  #17            ROI backing this band at the consensus close, 35-50%                2006-2015  1166    0.0387 0.0343 0.1303                                                                         win 0.444 vs no-vig 0.420: bias +0.024 (se 0.015)
  #17          ROI backing this band at the consensus close, fav >50%                2006-2015  2517   -0.0418 0.0141 0.9985                                                                         win 0.662 vs no-vig 0.674: bias -0.012 (se 0.009)
  #17          ROI backing this band at the consensus close, dog <20%                2016-2025   267   -0.1860 0.1324 0.9194                                                                         win 0.131 vs no-vig 0.151: bias -0.020 (se 0.021)
  #17        ROI backing this band at the consensus close, dog 20-35%                2016-2025  1087   -0.0872 0.0471 0.9677                                                                         win 0.263 vs no-vig 0.278: bias -0.015 (se 0.013)
  #17            ROI backing this band at the consensus close, 35-50%                2016-2025  1409   -0.0024 0.0309 0.5310                                                                         win 0.430 vs no-vig 0.420: bias +0.010 (se 0.013)
  #17          ROI backing this band at the consensus close, fav >50%                2016-2025  2737   -0.0295 0.0136 0.9851                                                                         win 0.666 vs no-vig 0.664: bias +0.002 (se 0.009)
   #6             heading agreement between sources (degrees, median) outdoor stadiums in both    48    1.0000    NaN    NaN max 87 deg; > 15 deg at 5 stadiums: Giants Stadium, Giants Stadium, Rogers Centre, Three Rivers Stadium, Veterans Stadium
   #6      total - closing total per mph: crosswind minus along-field        outdoor 1999-2025  5099   -0.0863 0.0638 0.1760                                                                          along -0.104 (se 0.043), cross -0.190 (se 0.043)
   #6 under vs the close, wind >= 15 mph, mostly across (angle >= 45)        outdoor 1999-2025   329    0.5897    NaN 0.0096                                                                                         194-135; mean total - close -1.77
   #6   under vs the close, wind >= 15 mph, mostly along (angle < 45)        outdoor 1999-2025   310    0.5452    NaN 0.2434                                                                                         169-141; mean total - close -1.15
   #6     yards per pass attempt per mph: crosswind minus along-field     team-games 1999-2025 10185   -0.0097 0.0063 0.1221                                along -0.021 (se 0.004), cross -0.030 (se 0.004); season fixed effects, game-clustered SEs
   #6                     first-half share of points, per mph of wind        outdoor 2006-2025  3873    0.0005 0.0005 0.3111                                                                     calm (< 10 mph) 0.502 (n 2497), 15+ mph 0.515 (n 473)
   #6             favorite's margin minus the spread, per mph of wind        outdoor 2006-2025  3873   -0.0468 0.0424 0.2693                                                                    calm (< 10 mph) 0.231 (n 2497), 15+ mph -0.389 (n 473)
   #4                        Rule HT under vs the close, spread >= 14            CFB 2016-2025   293    0.6109    NaN 0.0016                                                                                                                   179-114
   #4                         Rule HT under vs the close, spread < 14            CFB 2016-2025   353    0.5496    NaN 0.1799                                                                                                                   194-159

New variants: 20. Running total with the screen: 129. Bonferroni bar: p < 0.00039.
