CFB Rule B replay on GFS MOS forecasts as issued, 2006-2025 (trigger: MOS wind >= 15 mph at lead 1-3; entry at the close, -110)
  eligible games 12823; at a venue with a MOS station within 40 km 12501; with a MOS forecast at some lead 12501 (none: 0)
  games by lead available: lead 1 12501, lead 2 12501, lead 3 17
  forecast station: nearest 12446, next-nearest 55; same airport as the observed wind 10223

Coverage (step 2): eligible games per season with a MOS forecast at lead 1, 2, 3 and at any lead; games with none at any lead, by why (their lead-1 reason):
season  games  lead1  lead2  lead3  any_lead  no station within 40 km  run ends before the window
  2006    296    286    286      0       286                       10                           0
  2007    476    463    463      1       463                       13                           0
  2008    255    245    245      1       245                       10                           0
  2009    530    517    517      0       517                       13                           0
  2010    515    500    500      0       500                       15                           0
  2011    612    596    596      0       596                       16                           0
  2012    572    556    556      2       556                       16                           0
  2013    670    651    651      1       651                       19                           0
  2014    685    669    669      1       669                       16                           0
  2015    711    693    693      1       693                       18                           0
  2016    699    682    682      1       682                       17                           0
  2017    715    697    697      2       697                       18                           0
  2018    734    717    717      1       717                       17                           0
  2019    736    718    718      1       718                       18                           0
  2020    498    487    487      0       487                       11                           0
  2021    778    759    759      3       759                       19                           0
  2022    800    782    782      1       782                       18                           0
  2023    832    813    813      1       813                       19                           0
  2024    833    815    815      0       815                       18                           0
  2025    876    855    855      0       855                       21                           0
   all  12823  12501  12501     17     12501                      322                           0

Coverage by lead, all seasons (why a lead has no forecast):
lead  games  forecast  no station within 40 km  run ends before the window
   1  12823     12501                      322                           0
   2  12823     12501                      322                           0
   3  12823        17                      322                       12484
 any  12823     12501                      322                           0

At the close (the primary):
sample  games  with_mos  lead1  lead2  lead3  close_n close_record  close_win_pct close_win_ci  close_roi_pct   close_roi_ci  close_p_one_sided
  2006    286       286    286    286      0       32      20-12-0           62.5    45.3-77.1           19.3 -13.6 to +47.1             0.1663
  2007    463       463    463    463      1       37      22-14-1           61.1    44.9-75.2           16.7 -14.4 to +43.6             0.1892
  2008    245       245    245    245      1       28      18-10-0           64.3    45.8-79.3           22.7 -12.5 to +51.4             0.1417
  2009    517       517    517    517      0       47      25-22-0           53.2    39.2-66.7            1.5 -25.1 to +27.3             0.5148
  2010    500       500    500    500      0       42      24-18-0           57.1    42.2-70.9            9.1 -19.4 to +35.3             0.3225
  2011    596       596    596    596      0       96      48-46-2           51.1    41.1-60.9           -2.5 -21.5 to +16.3             0.6406
  2012    556       556    556    556      2       74      37-35-2           51.4    40.1-62.6           -1.9 -23.5 to +19.4             0.6133
  2013    651       651    651    651      1       64      34-29-1           54.0    41.8-65.7            3.0 -20.2 to +25.4             0.4507
  2014    669       669    669    669      1       78      48-30-0           61.5    50.4-71.6           17.5  -3.7 to +36.6             0.0655
  2015    693       693    693    693      1       88      55-33-0           62.5    52.1-71.9           19.3  -0.6 to +37.2             0.0358
  2016    682       682    682    682      1       77      46-31-0           59.7    48.6-70.0           14.0  -7.3 to +33.6             0.1190
  2017    697       697    697    697      2       82      43-38-1           53.1    42.3-63.6            1.3 -19.2 to +21.4             0.4944
  2018    717       717    717    717      1       78      34-43-1           44.2    33.6-55.3          -15.7  -35.8 to +5.5             0.9405
  2019    718       718    718    718      1       80      48-31-1           60.8    49.7-70.8           16.0  -5.1 to +35.1             0.0836
  2020    487       487    487    487      0       46      24-22-0           52.2    38.1-65.9           -0.4 -27.2 to +25.8             0.5705
  2021    759       759    759    759      3       62      33-26-3           55.9    43.3-67.8            6.8 -17.4 to +29.5             0.3396
  2022    782       782    782    782      1       73      44-29-0           60.3    48.8-70.7           15.1  -6.8 to +35.0             0.1084
  2023    813       813    813    813      1       65      39-26-0           60.0    47.9-71.0           14.5  -8.6 to +35.6             0.1343
  2024    815       815    815    815      0       69      32-35-2           47.8    36.3-59.5           -8.8 -30.8 to +13.6             0.8105
  2025    855       855    855    855      0       66      41-25-0           62.1    50.1-72.9           18.6  -4.4 to +39.1             0.0714
pooled  12501     12501  12501  12501     17     1284   715-555-14           56.3    53.6-59.0            7.5  +2.2 to +12.6             0.0028

At the opener (where one exists), and the same games on OBSERVED wind at the close:
sample  open_n open_record  open_win_pct open_win_ci  open_roi_pct  open_move_mean  obs_n obs_record  obs_win_pct obs_win_ci  obs_roi_pct
  2006       0       0-0-0           NaN                       NaN             NaN     29    17-12-0         58.6  40.7-74.5         11.9
  2007       1       1-0-0         100.0  20.7-100.0          90.9           -1.00     32    16-16-0         50.0  33.6-66.4         -4.5
  2008       0       0-0-0           NaN                       NaN             NaN     18     10-8-0         55.6  33.7-75.4          6.1
  2009       0       0-0-0           NaN                       NaN             NaN     24    12-12-0         50.0  31.4-68.6         -4.5
  2010       1       1-0-0         100.0  20.7-100.0          90.9            1.00     35    21-14-0         60.0  43.6-74.4         14.5
  2011       1       1-0-0         100.0  20.7-100.0          90.9           -1.00     60    33-25-2         56.9  44.1-68.8          8.6
  2012      73     42-31-0          57.5   46.1-68.2           9.8           -1.36     42    21-20-1         51.2  36.5-65.7         -2.2
  2013      64     33-30-1          52.4   40.3-64.2           0.0           -0.38     40    22-18-0         55.0  39.8-69.3          5.0
  2014      78     49-29-0          62.8   51.7-72.7          19.9           -0.87     52    27-24-1         52.9  39.5-65.9          1.1
  2015      88     61-26-1          70.1   59.8-78.7          33.9           -1.36     52    31-21-0         59.6  46.1-71.8         13.8
  2016      77     48-29-0          62.3   51.2-72.3          19.0           -1.66     60    34-25-1         57.6  44.9-69.4         10.0
  2017      82     46-36-0          56.1   45.3-66.3           7.1           -1.34     60    34-26-0         56.7  44.1-68.4          8.2
  2018      78     35-42-1          45.5   34.8-56.5         -13.2           -0.90     54    31-23-0         57.4  44.2-69.7          9.6
  2019      80     52-28-0          65.0   54.1-74.5          24.1           -1.95     51    33-17-1         66.0  52.2-77.6         26.0
  2020       0       0-0-0           NaN                       NaN             NaN     35    18-17-0         51.4  35.6-67.0         -1.8
  2021      61     35-25-1          58.3   45.7-69.9          11.4           -0.58     43    22-18-3         55.0  39.8-69.3          5.0
  2022      71     49-21-1          70.0   58.5-79.5          33.6           -2.20     53    31-21-1         59.6  46.1-71.8         13.8
  2023      62     36-26-0          58.1   45.7-69.5          10.9           -2.28     32    17-15-0         53.1  36.4-69.1          1.4
  2024      68     35-33-0          51.5   39.8-62.9          -1.7           -1.08     37    16-20-1         44.4  29.5-60.4        -15.2
  2025      66     42-24-0          63.6   51.6-74.2          21.5           -1.41     35    23-12-0         65.7  49.2-79.2         25.5
pooled     951   566-380-5          59.8   56.7-62.9          14.2           -1.34    844 469-364-11         56.3  52.9-59.6          7.5

Pooled and the declared era cuts (descriptive, 0 variants), with the interval and p-value also computed with standard errors grouped by game day (the kickoff's Eastern date):
            sample   seasons  per_season  close_n close_record  close_win_pct close_win_ci  close_roi_pct  close_p_one_sided  days grouped_ci  grouped_p  deff
            pooled 2006-2025        64.2     1284   715-555-14           56.3    53.6-59.0            7.5             0.0028   364  53.4-59.2     0.0039  1.12
           2006-15 2006-2015        58.6      586    331-249-6           57.1    53.0-61.0            8.9             0.0131   157  52.5-61.6     0.0217  1.27
           2016-25 2016-2025        69.8      698    384-306-8           55.7    51.9-59.3            6.2             0.0461   207  51.9-59.4     0.0426  1.01
last five, 2021-25 2021-2025        67.0      335    189-141-5           57.3    51.9-62.5            9.3             0.0421   110  52.0-62.5     0.0334  0.96

            sample  open_n open_record  open_win_pct open_win_ci  obs_n obs_record  obs_win_pct obs_win_ci
            pooled     951   566-380-5          59.8   56.7-62.9    844 469-364-11         56.3  52.9-59.6
           2006-15     306   188-116-2          61.8   56.3-67.1    384  210-170-4         55.3  50.2-60.2
           2016-25     645   378-264-3          58.9   55.0-62.6    460  259-194-7         57.2  52.6-61.7
last five, 2021-25     328   197-129-2          60.4   55.0-65.6    200   109-86-5         55.9  48.9-62.7

If same-day results correlated at 0.1, as same-day line moves do (paper-to-money study, #51): design effect, 95% interval and one-sided p:
  pooled: 1.58, 52.9-59.7%, p = 0.0125
  2006-15: 1.58, 52.0-62.1%, p = 0.0349
  2016-25: 1.57, 51.0-60.3%, p = 0.0838
  last five, 2021-25: 1.48, 50.8-63.8%, p = 0.0696

MOS minus observed station wind, mph (observed = the 4-hour kickoff mean the backtests use):
 lead          stations     n  mean_error  mae  rmse  corr  mos_ge15_pct  obs_ge15_pct  mos_mean  obs_mean
    1               all 12388        0.80 2.33  4.03 0.696          8.48          6.81      8.30      7.50
    1      same airport 10223        0.74 2.14  3.54 0.754          8.20          7.14      8.27      7.53
    1 different airport  2165        1.09 3.20  5.80 0.485          9.84          5.27      8.43      7.34
    2               all 12388        0.87 2.47  4.13 0.675          8.75          6.81      8.37      7.50
    2      same airport 10223        0.83 2.31  3.71 0.730          8.69          7.14      8.36      7.53
    2 different airport  2165        1.07 3.24  5.74 0.470          9.05          5.27      8.41      7.34

By season and lead (matched_obs_mph: the observed wind reached as often as MOS reaches 15 mph):
season  lead     n  mean_error  mae  rmse  corr  mos_ge15_pct  obs_ge15_pct  matched_obs_mph
  2006     1   277        0.67 2.69  6.36 0.531          9.03         10.47            15.34
  2006     2   277        0.64 2.80  6.36 0.513         10.11         10.47            15.25
  2007     1   449        1.27 2.88  6.15 0.501          6.24          7.13            15.30
  2007     2   449        1.36 2.95  6.19 0.499          7.13          7.13            14.74
  2008     1   235        1.23 2.89  6.24 0.510          9.36          7.66            14.65
  2008     2   235        1.33 3.03  6.31 0.492          9.79          7.66            14.44
  2009     1   500        0.74 2.48  4.08 0.634          7.20          4.80            14.15
  2009     2   500        0.81 2.62  4.16 0.610          7.20          4.80            14.15
  2010     1   490        0.43 2.20  3.79 0.703          7.76          7.14            14.93
  2010     2   490        0.51 2.42  3.97 0.672          6.73          7.14            15.27
  2011     1   596        0.88 2.47  4.02 0.771         13.93         10.07            13.86
  2011     2   596        1.09 2.71  4.33 0.743         14.60         10.07            13.81
  2012     1   548        1.03 2.49  3.80 0.785         11.86          7.66            13.58
  2012     2   548        0.90 2.60  3.94 0.746         10.95          7.66            13.86
  2013     1   649        0.74 2.21  4.06 0.680          8.01          6.16            13.84
  2013     2   649        0.80 2.36  4.18 0.663          8.78          6.16            13.53
  2014     1   667        0.24 2.18  3.25 0.773          8.85          7.80            14.37
  2014     2   667        0.30 2.28  3.28 0.760          9.30          7.80            14.15
  2015     1   688        1.05 2.60  4.72 0.595         10.17          7.56            13.77
  2015     2   688        1.07 2.82  4.88 0.576         10.17          7.56            13.77
  2016     1   675        0.32 2.28  3.81 0.720          9.19          8.89            14.98
  2016     2   675        0.36 2.46  3.61 0.737          9.63          8.89            14.70
  2017     1   692        0.91 2.39  4.48 0.670         10.12          8.67            14.42
  2017     2   692        1.02 2.54  4.64 0.651         10.69          8.67            14.37
  2018     1   709        0.58 2.33  3.57 0.752          9.73          7.62            14.14
  2018     2   709        0.64 2.46  3.69 0.726          9.03          7.62            14.42
  2019     1   707        0.68 2.18  3.23 0.787          9.34          7.21            14.09
  2019     2   707        0.76 2.30  3.20 0.783          9.48          7.21            14.09
  2020     1   485        0.73 2.00  2.67 0.853          8.04          7.22            14.33
  2020     2   485        0.89 2.21  2.96 0.822          7.42          7.22            14.70
  2021     1   759        0.60 2.17  3.34 0.728          6.46          5.67            14.65
  2021     2   759        0.70 2.30  3.55 0.693          6.85          5.67            14.37
  2022     1   782        0.87 2.44  4.94 0.589          7.16          6.78            14.83
  2022     2   782        0.93 2.59  5.08 0.562          7.93          6.78            14.42
  2023     1   813        1.03 2.18  3.07 0.774          6.64          3.94            13.25
  2023     2   813        1.13 2.25  3.16 0.769          7.13          3.94            12.97
  2024     1   814        1.08 2.13  3.05 0.790          7.25          4.55            13.54
  2024     2   814        1.12 2.23  3.16 0.771          7.13          4.55            13.71
  2025     1   853        1.04 2.18  3.59 0.706          5.74          4.10            13.59
  2025     2   853        1.15 2.36  3.77 0.670          7.03          4.10            12.99
   all     1 12388        0.80 2.33  4.03 0.696          8.48          6.81            14.20
   all     2 12388        0.87 2.47  4.13 0.675          8.75          6.81            14.11

Does 15 mph on MOS mean what 15 mph observed means? By season, lead 1: mean MOS minus observed (l1_bias), share of games at 15+ on MOS and observed, and the share of MOS signals whose observed wind reached 15:
sample  l1_bias  l1_mos15_pct  obs15_pct  sig_obs15_pct
  2006     0.67           9.0       10.5           65.6
  2007     1.27           6.2        7.1           48.6
  2008     1.23           9.4        7.7           39.3
  2009     0.74           7.2        4.8           36.2
  2010     0.43           7.8        7.1           66.7
  2011     0.88          13.9       10.1           54.2
  2012     1.03          11.9        7.7           43.2
  2013     0.74           8.0        6.2           56.2
  2014     0.24           8.8        7.8           44.9
  2015     1.05          10.2        7.6           42.0
  2016     0.32           9.2        8.9           51.9
  2017     0.91          10.1        8.7           52.4
  2018     0.58           9.7        7.6           47.4
  2019     0.68           9.3        7.2           46.2
  2020     0.73           8.0        7.2           58.7
  2021     0.60           6.5        5.7           41.9
  2022     0.87           7.2        6.8           39.7
  2023     1.03           6.6        3.9           36.9
  2024     1.08           7.2        4.5           37.7
  2025     1.04           5.7        4.1           39.4
pooled     0.80           8.5        6.8           46.9

Where the result sits (descriptive; these splits are not rules):
  MOS and observed both >= 15: 602 games, 350-244-8 (58.9%)
  MOS only (the wind didn't arrive): 682 games, 365-311-6 (54.0%)
  observed only (MOS missed it): 242 games, 119-120-3 (49.8%)
  gap between both-fired and MOS-only, Fisher exact two-sided p = 0.079
  MOS signals by first lead: {1.0: 192, 2.0: 1091, 3.0: 1}
  the rule (either lead) fires on 10.27% of 12501 games; the observed wind reaches 15 on 6.75%; the observed threshold reached as often as the rule fires: 13.53 mph (n=12388)

Signals per season (all, and from Oct 1 on):
season     2006  2007  2008  2009  2010  2011  2012  2013  2014  2015  2016  2017  2018  2019  2020  2021  2022  2023  2024  2025
signals      32    37    28    47    42    96    74    64    78    88    77    82    78    80    46    62    73    65    69    66
from_oct1    32    26    26    37    33    86    55    52    60    60    58    68    57    58    39    42    52    43    44    54
  mean 64.2, median 68, range 28-96; from Oct 1: mean 49.1, range 26-86

Against Open-Meteo, 2024-25 (step 3 of the issue):
  games in both replays (2024-25): 1670
  lead 1 (n=1670): MOS minus Open-Meteo (station scale) +0.46 mph, corr 0.66; vs observed: MOS MAE 2.15, Open-Meteo MAE 2.34
  lead 2 (n=1670): MOS minus Open-Meteo (station scale) +0.01 mph, corr 0.69; vs observed: MOS MAE 2.29, Open-Meteo MAE 2.57
  lead 3: no games with both
  signals on the same 1670 games: MOS 135 (73-60-2), Open-Meteo 110 (61-46-3), both 65
  Open-Meteo signals that fired only at lead 3 (which GFS MOS rarely reaches): 19 of 110

Multiple testing: 1 variant for CFB, already inside main's running count of 271 (270 others + this); the NFL replay adds 1, for 272. Bonferroni bar p < 0.000184. Pooled one-sided p = 0.0028. The era cuts above are descriptive and add none.
Observed-wind history for comparison: 56.6% in 990 observed-wind games, 2006-25 (STRATEGY.md).
