MOS replay checks, 2023-2025 (from data/processed/mos_replay_2023_2025.parquet)

Games with a MOS forecast: 2483

Why MOS fires more often than the observed wind:
  lead 1 at 15+: 162 (6.52%); lead 2 at 15+: 176 (7.09%); either lead (the rule): 200 (8.05%)
  observed at 15+: 104 (4.19%)
  signals from lead 1 alone: 162; added only by lead 2: 38
  observed threshold reached as often as lead-1 MOS reaches 15 (n=2480): 13.52 mph
  observed threshold reached as often as either lead reaches 15 (n=2480): 12.97 mph
  games with lead-1 MOS of 14-16 mph: n=101, mean MOS 14.84, mean observed 12.65 mph

Lead-1 MOS minus observed (n=2480): mean +1.05, MAE 2.16, corr 0.754 mph
  2023: n=813, mean +1.03 mph
  2024: n=814, mean +1.08 mph
  2025: n=853, mean +1.04 mph

Where the wins fell (descriptive; uses the result, so not a rule):
  MOS and observed both >= 15: 76 games, 46-29-1 (61.3%); vs break-even one-sided p = 0.075 (unadjusted, and the group is picked using the observed wind)
  MOS only: 124 games, 66-57-1 (53.7%); vs break-even one-sided p = 0.424
  gap between the two, Fisher exact two-sided p = 0.305
  MOS signals the observed-wind evidence also counts (observed >= 15): 76 of 200

Open-Meteo replay (games in both, n=1670):
  Open-Meteo signals: 110; also MOS signals: 65
  Open-Meteo both-fired: 46 games, 28-17-1 (62.2%), of which MOS signals 39
  Open-Meteo forecast-only: 64 games, 33-29-2 (53.2%), of which MOS signals 26
  Open-Meteo by season, all its games (data/processed/forecast_replay.parquet):
    2024: 57 games, 32-22-3 (59.3%)
    2025: 53 games, 29-24-0 (54.7%)

Run cycle the replay read (UTC hour of the run: games):
  lead 1: {18: 2483}
  lead 2: {18: 2483}
  lead 3: {18: 1}

Variants added: 0 (these are descriptions of the one replayed rule).
