spread rows with a line: 456,471; without a game_id (can't join any game): 73,158

(game, book) spread pairs by status and season:
season           2006  2007  2008  2009  2010  2011   2012   2013   2014   2015   2016   2017   2018   2019  2020  2021  2022  2023  2024  2025   total
status                                                                                                                                                 
matched          2059  5020  3116  7262  7963  8841  10941  11220  10903  12767  13158  15680  16685  17343  2634  3388  4134  3044  3163  3335  162656
conflict            1     9   202     3     9     5     27     45     12     11      0     27     39     29     0     0     0     0     0     0     419
not_in_schedule    84   115   128   176   194   360    492    510    574    667    849    897    917    823   117   152   176     0     0     0    7231
dropped            85   124   330   179   203   365    519    555    586    678    849    924    956    852   117   152   176     0     0     0    7650

games.parquet as stored: agreement with CFBD, played games with a closing total, 2014-25
season  cfbd_games  covered  coverage  within_1  within_3  sign_flips
   all       12053     7821    0.6489    0.9772    0.9946          12
  2014         782      591    0.7558    0.8849    0.9594           2
  2015         758       75    0.0989    0.9467    0.9600           3
  2016         779      511    0.6560    0.8806    0.9765           3
  2017         790      433    0.5481    0.9677    0.9977           2
  2018         799      597    0.7472    0.9732    0.9983           1
  2019         804      563    0.7002    0.9822    0.9982           1
  2020         541      541    1.0000    1.0000    1.0000           0
  2021         849      849    1.0000    1.0000    1.0000           0
  2022        1413      850    0.6016    1.0000    1.0000           0
  2023        1391      908    0.6528    1.0000    1.0000           0
  2024        1553      948    0.6104    1.0000    1.0000           0
  2025        1594      955    0.5991    0.9948    1.0000           0

home_spreads() now: agreement with CFBD, played games with a closing total, 2014-25
season  cfbd_games  covered  coverage  within_1  within_3  sign_flips
   all       12053    12051    0.9998    0.9723    0.9933          12
  2014         782      782    1.0000    0.8798    0.9616           4
  2015         758      758    1.0000    0.9261    0.9763           1
  2016         779      779    1.0000    0.8562    0.9589           4
  2017         790      789    0.9987    0.9721    1.0000           1
  2018         799      799    1.0000    0.9687    0.9987           2
  2019         804      803    0.9988    0.9751    1.0000           0
  2020         541      541    1.0000    1.0000    1.0000           0
  2021         849      849    1.0000    1.0000    1.0000           0
  2022        1413     1413    1.0000    1.0000    1.0000           0
  2023        1391     1391    1.0000    1.0000    1.0000           0
  2024        1553     1553    1.0000    1.0000    1.0000           0
  2025        1594     1594    1.0000    0.9969    1.0000           0

games with both versions: 7,846; identical: 7,832; differ by more than 1 point: 5
