                              step     outcome    n  wind_pct  wind_se  wind_p  cold_pct  cold_se  cold_p
           0. Thesis specification ln_pass_yds 6407    -6.744    1.442     0.0    -2.251    0.621   0.000
           0. Thesis specification  ln_cmp_pct 6408    -3.009    0.786     0.0    -1.151    0.313   0.000
        1. Center the interactions ln_pass_yds 6407    -5.696    0.960     0.0    -1.719    0.419   0.000
        1. Center the interactions  ln_cmp_pct 6408    -2.682    0.499     0.0    -0.836    0.211   0.000
                2. Cluster by game ln_pass_yds 6407    -5.696    1.063     0.0    -1.719    0.440   0.000
                2. Cluster by game  ln_cmp_pct 6408    -2.682    0.524     0.0    -0.836    0.213   0.000
    3. Domes as their own category ln_pass_yds 6407    -6.563    1.208     0.0    -2.027    0.473   0.000
    3. Domes as their own category  ln_cmp_pct 6408    -2.909    0.596     0.0    -0.914    0.228   0.000
4. Air temperature, not wind chill ln_pass_yds 6407    -6.861    1.200     0.0    -2.214    0.488   0.000
4. Air temperature, not wind chill  ln_cmp_pct 6408    -3.100    0.591     0.0    -1.156    0.235   0.000
      5. Team-season fixed effects ln_pass_yds 6407    -6.900    1.181     0.0    -2.342    0.490   0.000
      5. Team-season fixed effects  ln_cmp_pct 6408    -3.196    0.596     0.0    -1.233    0.231   0.000
      6. Week of season + playoffs ln_pass_yds 6407    -7.048    1.183     0.0    -2.083    0.561   0.000
      6. Week of season + playoffs  ln_cmp_pct 6408    -3.139    0.594     0.0    -1.024    0.265   0.000
              7. Add rain and snow ln_pass_yds 6407    -6.721    1.185     0.0    -1.938    0.560   0.001
              7. Add rain and snow  ln_cmp_pct 6408    -2.906    0.587     0.0    -0.909    0.260   0.000
                                     version     outcome  home_pct     lo     hi     p
    As estimated (home effect at 0°F, 0 mph) ln_rush_yds    19.182  2.544 35.820 0.024
    As estimated (home effect at 0°F, 0 mph) ln_pass_yds     7.584 -3.714 18.881 0.188
Centered (home effect at 60°F, average wind) ln_rush_yds     8.845  6.116 11.574 0.000
Centered (home effect at 60°F, average wind) ln_pass_yds     2.544  0.620  4.467 0.010
                     outcome     n  r2_total  r2_fe_only  partial_r2_weather
                 ln_pass_yds 14545    0.3199      0.3083              0.0168
                      epa_db 14546    0.2813      0.2754              0.0081
                     cmp_pct 14546    0.3233      0.3128              0.0153
                         pts 14546    0.3067      0.3019              0.0068
total points − closing total  7276    0.0068      0.0000              0.0068
