games 7,276; outdoor 5,333

Points effect: actual vs closing total vs residual
 series                    Actual points  Closing total  Actual − closing
era           term                                                      
All 1999–2025 wind_10_14          -1.51          -0.08             -1.12
              wind_15_19          -4.18          -0.42             -2.70
              wind_20p            -4.73          -1.06             -2.24
              temp_le32           -0.64          -1.24              0.73
              temp_33_45          -0.16          -0.37              0.47
              temp_80p            -0.41          -0.22              0.02
              rain                -3.08          -0.53             -2.77
              snow                 0.40          -0.63              0.97
              indoor              -2.03           0.76              0.11
              roof_open           -0.16           0.81              0.68
1999–2013     wind_10_14          -0.89          -0.00             -0.40
              wind_15_19          -3.41          -0.18             -2.76
              wind_20p            -5.19          -0.81             -3.01
              temp_le32            0.20          -1.46              1.85
              temp_33_45           0.03          -0.32              1.04
              temp_80p            -1.42          -0.54             -0.48
              rain                -2.85          -0.50             -2.39
              snow                 1.69          -0.80              1.62
              indoor              -2.09           1.38              0.07
              roof_open           -0.37           1.80              0.21
2014–2025     wind_10_14          -2.27          -0.18             -2.18
              wind_15_19          -5.26          -0.77             -2.78
              wind_20p            -3.78          -1.80             -1.00
              temp_le32           -1.81          -1.02             -0.91
              temp_33_45          -0.12          -0.45             -0.07
              temp_80p             0.67           0.11              0.62
              rain                -3.18          -0.62             -3.03
              snow                -1.63          -0.45              0.07
              indoor              -2.07          -0.21              0.18
              roof_open           -0.36          -0.66              1.30

Totals by bucket
       era                    bucket  games  mean_line  mean_total  mean_resid  under_bets  under_win_pct  under_roi_110  under_roi_actual_odds  under_p_vs_breakeven
      All                  Wind 0–4   1073     43.453      44.859       1.406        1055          0.500         -0.045                 -0.024                 0.939
      All                  Wind 5–9   2319     42.969      43.896       0.927        2279          0.486         -0.073                 -0.062                 1.000
      All                Wind 10–14   1249     42.478      42.469      -0.008        1233          0.540          0.031                  0.067                 0.131
      All                Wind 15–19    507     42.112      40.452      -1.661         500          0.576          0.100                  0.119                 0.011
      All                  Wind 20+    185     40.873      39.773      -1.100         182          0.560          0.070                  0.027                 0.180
      All                  Wind 15+    692     41.781      40.270      -1.511         682          0.572          0.092                  0.097                 0.007
      All            Air temp ≤32°F    386     42.152      43.376       1.224         379          0.470         -0.103                 -0.114                 0.985
      All                      Rain    408     42.087      39.828      -2.259         401          0.623          0.190                  0.192                 0.000
      All                      Snow     91     41.786      43.637       1.852          89          0.449         -0.142                 -0.151                 0.935
      All Wind 15+ & (rain or snow)     97     41.088      36.247      -4.840          95          0.684          0.306                  0.310                 0.001
1999–2013                  Wind 0–4    556     41.805      43.306       1.501         547          0.499         -0.047                 -0.022                 0.885
1999–2013                  Wind 5–9   1291     41.343      42.673       1.330        1259          0.488         -0.067                 -0.061                 0.994
1999–2013                Wind 10–14    730     41.042      42.126       1.084         717          0.503         -0.039                 -0.055                 0.870
1999–2013                Wind 15–19    302     40.709      39.464      -1.245         298          0.581          0.108                  0.141                 0.028
1999–2013                  Wind 20+    133     39.932      38.444      -1.489         131          0.573          0.093                  0.031                 0.152
1999–2013                  Wind 15+    435     40.471      39.152      -1.320         429          0.578          0.104                  0.110                 0.014
1999–2013            Air temp ≤32°F    229     40.734      43.393       2.659         224          0.433         -0.173                 -0.274                 0.997
1999–2013                      Rain    217     40.583      38.931      -1.652         213          0.624          0.192                  0.158                 0.002
1999–2013                      Snow     51     40.098      43.745       3.647          49          0.367         -0.299                 -0.514                 0.990
1999–2013 Wind 15+ & (rain or snow)     61     40.205      36.213      -3.992          60          0.650          0.241                  0.177                 0.033
2014–2025                  Wind 0–4    517     45.226      46.530       1.304         508          0.502         -0.042                 -0.025                 0.849
2014–2025                  Wind 5–9   1028     45.011      45.431       0.420        1020          0.482         -0.079                 -0.063                 0.996
2014–2025                Wind 10–14    519     44.497      42.952      -1.545         516          0.591          0.128                  0.149                 0.001
2014–2025                Wind 15–19    205     44.180      41.907      -2.273         202          0.569          0.087                  0.104                 0.110
2014–2025                  Wind 20+     52     43.279      43.173      -0.106          51          0.529          0.011                  0.022                 0.525
2014–2025                  Wind 15+    257     43.998      42.163      -1.835         253          0.561          0.072                  0.087                 0.129
2014–2025            Air temp ≤32°F    157     44.220      43.350      -0.869         155          0.523         -0.002                  0.010                 0.545
2014–2025                      Rain    191     43.796      40.848      -2.948         188          0.622          0.188                  0.213                 0.004
2014–2025                      Snow     40     43.938      43.500      -0.438          40          0.550          0.050                  0.067                 0.432
2014–2025 Wind 15+ & (rain or snow)     36     42.583      36.306      -6.278          35          0.743          0.418                  0.442                 0.007
      All        Dome / closed roof   1943     45.633      46.920       1.287        1921          0.486         -0.072                 -0.057                 1.000
1999–2013        Dome / closed roof    969     44.727      46.121       1.394         954          0.475         -0.093                 -0.098                 0.999
2014–2025        Dome / closed roof    974     46.535      47.716       1.181         967          0.497         -0.050                 -0.035                 0.953

Open vs close (2007–2021, outdoor)
             bucket  games  mean_open  mean_close  mean_move  move_se  share_moved_down  resid_vs_open  resid_vs_close  under_open_pct  under_open_roi  under_close_pct  under_close_roi
          Wind 0–4    614     44.969      44.753     -0.216    0.066             0.492          0.935           1.151           0.497          -0.052            0.496           -0.053
          Wind 5–9   1249     44.574      44.283     -0.291    0.048             0.494          0.610           0.902           0.490          -0.064            0.483           -0.078
        Wind 10–14    682     44.276      43.895     -0.381    0.074             0.526         -0.751          -0.370           0.542           0.035            0.534            0.019
        Wind 15–19    276     44.236      43.442     -0.793    0.120             0.609         -2.507          -1.714           0.590           0.126            0.571            0.091
          Wind 20+     95     43.937      42.158     -1.779    0.288             0.663         -2.305          -0.526           0.620           0.183            0.532            0.015
          Wind 15+    371     44.159      43.113     -1.046    0.117             0.623         -2.456          -1.410           0.597           0.140            0.561            0.072
              Rain    231     44.260      43.162     -1.097    0.130             0.675         -2.883          -1.786           0.590           0.127            0.564            0.076
              Snow     45     44.256      42.500     -1.756    0.337             0.733          0.611           2.367           0.614           0.171            0.477           -0.089
    Air temp ≤32°F    204     43.983      43.260     -0.723    0.141             0.598          0.380           1.103           0.507          -0.031            0.468           -0.107
Dome / closed roof   1102     46.393      46.326     -0.067    0.054             0.465          1.149           1.216             NaN             NaN              NaN              NaN

Walk-forward (P(under) model, refit each season)
  threshold       era  side  bets  win_pct  win_lo  win_hi  roi_110  roi_actual_odds  p_vs_breakeven
      0.53 2006–2025 under   804    0.560   0.525   0.594    0.069            0.093           0.022
      0.53 2006–2025  over   352    0.540   0.488   0.591    0.030            0.058           0.293
      0.53 2006–2013 under   292    0.548   0.491   0.604    0.046            0.084           0.222
      0.53 2006–2013  over   135    0.600   0.516   0.679    0.145            0.193           0.045
      0.53 2014–2025 under   512    0.566   0.523   0.609    0.081            0.098           0.029
      0.53 2014–2025  over   217    0.502   0.436   0.568   -0.041           -0.024           0.759
      0.55 2006–2025 under   629    0.564   0.525   0.603    0.077            0.110           0.023
      0.55 2006–2025  over   204    0.549   0.480   0.616    0.048            0.087           0.258
      0.55 2006–2013 under   260    0.562   0.501   0.621    0.072            0.124           0.124
      0.55 2006–2013  over   106    0.613   0.518   0.700    0.171            0.235           0.040
      0.55 2014–2025 under   369    0.566   0.515   0.616    0.081            0.101           0.056
      0.55 2014–2025  over    98    0.480   0.383   0.577   -0.084           -0.069           0.836
      0.57 2006–2025 under   475    0.554   0.509   0.598    0.057            0.097           0.104
      0.57 2006–2025  over    71    0.507   0.393   0.620   -0.032            0.015           0.656
      0.57 2006–2013 under   214    0.533   0.466   0.598    0.017            0.080           0.424
      0.57 2006–2013  over    46    0.565   0.422   0.698    0.079            0.155           0.340
      0.57 2014–2025 under   261    0.571   0.510   0.629    0.090            0.111           0.072
      0.57 2014–2025  over    25    0.400   0.234   0.593   -0.236           -0.231           0.925

cumulative units (P(under) >= 0.53 bets): +55.1 over 815 bets

Forecast skill (kickoff wind, 2024+)
  lead_days  games  corr   mae  actual_15p  forecast_15p  both_15p  precision  recall
         1    405 0.752 2.318          37            24        16      0.667   0.432
         3    403 0.681 2.523          37            23        13      0.565   0.351

Same model, actual vs forecast inputs (2024+)
                                 inputs  bets  win_pct  roi_110
                Actual kickoff weather    98    0.490   -0.065
Actual kickoff weather · wind 15+ rule    36    0.500   -0.045
                        1-day forecast   117    0.521   -0.005
        1-day forecast · wind 15+ rule    24    0.500   -0.045
                        3-day forecast   118    0.492   -0.062
        3-day forecast · wind 15+ rule    23    0.522   -0.004

Model vs de-vigged closing price (walk-forward P(under), 2006+)
        devig  min_gap  games  base_rate_under  brier_model  brier_market  bets  win_pct  win_lo  win_hi  roi_actual_odds
proportional     0.00   5216           0.5031       0.2492        0.2501  5216   0.5238  0.5102  0.5373           0.0250
proportional     0.02   2305           0.5210       0.2485        0.2501  2305   0.5280  0.5076  0.5483           0.0398
proportional     0.04    991           0.5308       0.2469        0.2502   991   0.5520  0.5209  0.5827           0.0818
proportional     0.06    696           0.5445       0.2464        0.2503   696   0.5589  0.5218  0.5954           0.0954
        shin     0.00   5216           0.5031       0.2492        0.2501  5216   0.5234  0.5098  0.5369           0.0244
        shin     0.02   2363           0.5188       0.2486        0.2502  2363   0.5286  0.5084  0.5486           0.0407
        shin     0.04    994           0.5322       0.2469        0.2503   994   0.5523  0.5213  0.5830           0.0830
        shin     0.06    695           0.5439       0.2464        0.2502   695   0.5583  0.5211  0.5948           0.0942

CLV of walk-forward under bets (2007-2021 opens): {'bets_with_open': 539, 'mean_clv_pts': 0.899, 'share_beat_close': 0.625, 'share_worse_than_close': 0.276, 'under_vs_open': 0.56, 'under_vs_close': 0.541, 'all_outdoor_mean_move_pts': -0.392}
Season stability: {'seasons': 20, 'seasons_profitable': 13, 'seasons_with_bets': 20}

Variants tested: {'totals_buckets': 33, 'open_close_buckets': 10, 'walkforward': 18, 'underdog_buckets': 9, 'acclimation_groups': 30, 'model_vs_market': 8, 'total': 108}

Underdogs by weather
         bucket  games  mean_fav_resid  bets  win_pct  roi_110  p_vs_breakeven
      Wind 0–4   1071           0.143  1035    0.514   -0.019           0.746
      Wind 5–9   2308           0.337  2236    0.504   -0.038           0.971
    Wind 10–14   1246           0.457  1218    0.506   -0.034           0.902
    Wind 15–19    505          -0.068   487    0.501   -0.043           0.854
      Wind 20+    182          -1.728   180    0.539    0.029           0.371
      Wind 15+    687          -0.508   667    0.511   -0.024           0.755
          Snow     89           3.725    85    0.388   -0.259           0.996
          Rain    408           1.664   398    0.455   -0.132           0.997
Air temp ≤32°F    384           1.057   377    0.462   -0.119           0.993

Acclimation vs the spread
                                         group       era  games  home_ats_resid  home_ats_se  away_team_total_resid  home_team_total_resid  home_cover_pct  home_cover_roi  away_tt_under_pct  away_tt_under_roi
                     Dome visitor, ≤32°F game       All     81           1.191        1.359                 -0.944                  0.247           0.575           0.098              0.588              0.122
                     Dome visitor, ≤32°F game 1999–2013     46           2.772        1.823                  0.125                  2.897           0.600           0.145              0.522             -0.004
                     Dome visitor, ≤32°F game 2014–2025     35          -0.886        2.013                 -2.350                 -3.236           0.543           0.036              0.676              0.291
        Warm visitor (≥60°F week), ≤32°F game       All     32           3.141        2.012                  0.000                  3.141           0.613           0.170              0.562              0.074
        Warm visitor (≥60°F week), ≤32°F game 1999–2013     18           1.333        3.039                  2.403                  3.736           0.500          -0.045              0.389             -0.258
        Warm visitor (≥60°F week), ≤32°F game 2014–2025     14           5.464        2.407                 -3.089                  2.375           0.769           0.469              0.786              0.500
             Dome or warm visitor, ≤32°F game       All    113           1.743        1.127                 -0.677                  1.066           0.586           0.118              0.580              0.108
             Dome or warm visitor, ≤32°F game 1999–2013     64           2.367        1.554                  0.766                  3.133           0.571           0.091              0.484             -0.075
             Dome or warm visitor, ≤32°F game 2014–2025     49           0.929        1.634                 -2.561                 -1.633           0.604           0.153              0.708              0.352
Cold-climate visitor (<40°F week), ≤32°F game       All    166          -0.078        1.083                  0.880                  0.801           0.470          -0.103              0.521             -0.005
Cold-climate visitor (<40°F week), ≤32°F game 1999–2013     97          -0.160        1.551                  1.137                  0.977           0.443          -0.154              0.536              0.023
Cold-climate visitor (<40°F week), ≤32°F game 2014–2025     69           0.036        1.440                  0.518                  0.554           0.507          -0.032              0.500             -0.045
                              All ≤32°F games       All    384           0.839        0.672                  0.197                  1.035           0.538           0.028              0.545              0.040
                              All ≤32°F games 1999–2013    227           0.841        0.939                  0.922                  1.763           0.514          -0.020              0.516             -0.016
                              All ≤32°F games 2014–2025    157           0.834        0.931                 -0.852                 -0.018           0.574           0.096              0.587              0.121
