team-games: 14,546  outdoor share 0.73
  wind_10_14     2498 team-games
  wind_15_19     1014 team-games
  wind_20p        370 team-games
  temp_le32       772 team-games
  temp_33_45     1782 team-games
  temp_80p       1150 team-games
  rain            816 team-games
  snow            182 team-games
  indoor         3628 team-games
  roof_open       256 team-games

Main effects (vs outdoor, calm <10 mph, 46–79°F, dry):
 term                                wind_10_14  wind_15_19  wind_20p  temp_le32  temp_33_45  temp_80p   rain   snow  indoor  roof_open
label                                                                                                                                 
EPA per dropback                         -0.02       -0.06     -0.07      -0.03       -0.02     -0.01  -0.06  -0.06   -0.02       0.00
Dropback success rate (pts)              -0.58       -1.69     -2.82      -1.04       -0.32     -0.40  -2.80  -2.35    0.34       0.62
Yards per pass attempt                   -0.15       -0.40     -0.50      -0.08       -0.10     -0.01  -0.33  -0.51    0.19       0.09
Completion % (pts)                       -0.55       -1.74     -2.79      -1.09       -0.94     -0.41  -2.48  -3.64    0.52      -0.09
CPOE (pts)                               -0.48       -2.05     -3.22      -1.08       -0.96     -0.21  -2.14  -3.35   -1.56      -1.70
Avg depth of target (yds)                -0.01       -0.10     -0.41       0.09       -0.05     -0.01   0.01   0.25    0.07       0.18
Deep-pass share, 20+ air yds (pts)       -0.06       -0.65     -1.30       0.36       -0.22     -0.10   0.36   0.59    0.22       0.17
Sack rate (pts)                           0.08        0.32      0.08      -0.20        0.04     -0.00  -0.01  -0.13    0.13      -0.67
INT rate (pts)                           -0.07        0.17     -0.09       0.37        0.16      0.05   0.13  -0.30   -0.05      -0.29
Pass rate over expected (pts)            -0.04       -0.88     -3.15      -1.53       -0.64     -0.47  -1.35  -2.16   -1.02      -1.54
Pass attempts                             0.00       -0.53     -1.72      -0.68       -0.36     -0.52  -0.68  -0.29   -0.25       0.43
Rush attempts                             0.07        0.48      1.92       0.69        0.50     -0.13   0.87   1.05   -0.19       0.06
EPA per designed run                     -0.01       -0.00     -0.01       0.00        0.00     -0.00  -0.01  -0.00   -0.02      -0.01
Yards per carry                          -0.03       -0.08     -0.01       0.01        0.06      0.02   0.02   0.22    0.05       0.10
Passing yards                            -3.86      -16.22    -26.47      -8.01       -5.50     -2.02 -15.97 -16.85    5.16       6.50
Rushing yards                            -0.54       -0.21      7.72       3.48        4.18     -0.21   4.87  11.14    0.65       2.98
Points scored                            -0.72       -1.76     -1.95      -0.32        0.05      0.01  -1.57  -0.28    0.62       1.08
Fumbles                                  -0.01        0.09      0.14       0.12        0.15     -0.04   0.13   0.38    0.00      -0.03

Percent effects (PPML):
 term      wind_10_14  wind_15_19  wind_20p  temp_le32  temp_33_45  temp_80p  rain  snow  indoor  roof_open
outcome                                                                                                   
pass_yds        -1.7        -7.1     -11.5       -3.5        -2.4      -0.7  -7.0  -7.4     1.9        2.6
rush_att         0.2         1.8       6.9        2.5         1.9      -0.5   3.2   3.8    -0.7        0.3
pass_att         0.0        -1.6      -5.1       -2.0        -1.1      -1.5  -2.1  -0.9    -0.7        1.3
pts             -3.4        -8.0      -9.1       -1.6         0.1       0.2  -7.3  -1.3     2.8        5.1

By era (wind 20+, ≤32°F, snow):
 term                                     wind_15_19  wind_20p  temp_le32   rain   snow
label                         era                                                     
EPA per dropback              1999–2013       -0.05     -0.07      -0.03  -0.07  -0.08
                              2014–2025       -0.08     -0.05      -0.04  -0.05  -0.05
Passing yards                 1999–2013      -13.68    -27.40      -8.48 -17.67 -16.27
                              2014–2025      -20.34    -24.99      -7.84 -13.70 -17.45
Completion % (pts)            1999–2013       -1.71     -2.94      -1.34  -3.04  -3.79
                              2014–2025       -1.77     -2.15      -0.73  -1.74  -3.50
CPOE (pts)                    1999–2013       -2.06     -3.13      -1.55  -2.50  -4.22
                              2014–2025       -2.00     -3.14      -0.67  -1.89  -2.79
Pass rate over expected (pts) 1999–2013       -0.96     -3.27      -2.44  -1.34  -2.54
                              2014–2025       -0.89     -3.06      -0.80  -1.25  -1.87
Rush attempts                 1999–2013        0.67      1.97       0.98   0.99   0.87
                              2014–2025        0.22      1.76       0.26   0.69   1.23
Points scored                 1999–2013       -1.45     -2.20       0.05  -1.47   0.04
                              2014–2025       -2.21     -1.50      -0.87  -1.61  -0.74

Visitor extra effect (x_away):
 term                rain_x_away  snow_x_away  temp_le32_x_away  wind_15_19_x_away  wind_20p_x_away
label                                                                                             
Completion % (pts)         0.39        -0.16             -0.69               0.89            -0.48
EPA per dropback           0.05         0.02              0.00               0.02             0.01
Passing yards              1.05        10.25             -0.24               2.62            -0.49
Points scored              1.11         0.03             -0.74               0.17            -0.10

Cold-game (≤32°F) effect by group:
 label                     Completion % (pts)  EPA per dropback  Passing yards  Points scored  Yards per pass attempt
term                                                                                                                
cold_x_home                            -0.72             -0.03          -8.58           0.09                   -0.01
cold_x_visitor_cold                    -0.83              0.01          -4.32           0.01                    0.08
cold_x_visitor_dome                    -3.13             -0.05         -18.49          -2.82                   -0.51
cold_x_visitor_temperate               -1.13             -0.06          -6.04          -0.35                   -0.37
cold_x_visitor_warm                    -0.87             -0.06           6.11          -0.61                    0.42
                    term   coef    se     p  n_cold_games_group
             cold_x_home -0.032 0.019 0.090               386.0
     cold_x_visitor_dome -0.055 0.033 0.094                81.0
     cold_x_visitor_warm -0.058 0.062 0.349                32.0
cold_x_visitor_temperate -0.059 0.039 0.134               103.0
     cold_x_visitor_cold  0.010 0.027 0.708               168.0

Field goals (n=27,771) logit coefficients:
              coef     se      p
wind_10_14 -0.116  0.048  0.017
wind_15_19 -0.206  0.068  0.002
wind_20p   -0.244  0.115  0.035
temp_le32  -0.328  0.079  0.000
temp_33_45 -0.157  0.054  0.004
temp_80p    0.042  0.067  0.536
rain       -0.143  0.075  0.056
snow       -0.034  0.182  0.853
indoor      0.170  0.048  0.000
roof_open   0.309  0.137  0.024
altitude    0.305  0.097  0.002
distance              30    40    45    50    55
scenario                                        
Calm, 46–79°F, dry  96.5  89.3  84.3  78.0  67.7
Dome                97.0  90.8  86.4  80.8  71.3
Rain                96.0  87.9  82.3  75.4  64.5
Snow                96.4  89.0  83.9  77.4  67.0
Wind 10–14          96.1  88.2  82.7  75.9  65.2
Wind 15–19          95.7  87.2  81.4  74.2  63.1
Wind 20+            95.6  86.8  80.8  73.5  62.2
Wind 20+ & ≤32°F    94.0  82.5  75.2  66.7  54.3
≤32°F               95.2  85.8  79.5  71.8  60.2
         attempts  make_pct  long_share  avg_dist
wx_wind                                          
<10         12977     0.828       0.135    37.389
10–14        4690     0.812       0.124    37.098
15–19        1837     0.801       0.110    36.757
20+           683     0.802       0.076    35.861
