NFL Rule B replay on GFS MOS forecasts as issued, 2004-2025 (trigger: MOS wind at kickoff >= 15 mph at lead 1-3; entry at the close, -110)
  eligible outdoor games 4300; at a stadium with a MOS station within 40 km 4251; with a MOS forecast at some lead 4251 (none: 0)
  games by lead available: lead 1 4251, lead 2 4251, lead 3 2224
  forecast station: nearest 4016, next-nearest 235, third-nearest 0

Coverage (step 2): eligible games per season with a MOS forecast at lead 1, 2, 3 and at any lead; games with none at any lead, by why (their lead-1 reason):
season  games  lead1  lead2  lead3  any_lead  no station within 40 km  run ends before the window
  2004    209    209    209    113       209                        0                           0
  2005    214    213    213    119       213                        1                           0
  2006    200    200    200    105       200                        0                           0
  2007    201    200    200    101       200                        1                           0
  2008    200    199    199     99       199                        1                           0
  2009    187    186    186     95       186                        1                           0
  2010    192    191    191     98       191                        1                           0
  2011    191    190    190     98       190                        1                           0
  2012    191    190    190     99       190                        1                           0
  2013    194    192    192     97       192                        2                           0
  2014    200    197    197    107       197                        3                           0
  2015    201    198    198    110       198                        3                           0
  2016    198    194    194    101       194                        4                           0
  2017    200    195    195     96       195                        5                           0
  2018    198    195    195    102       195                        3                           0
  2019    201    196    196     99       196                        5                           0
  2020    176    176    176     88       176                        0                           0
  2021    191    189    189    104       189                        2                           0
  2022    188    183    183     97       183                        5                           0
  2023    188    183    183     93       183                        5                           0
  2024    187    182    182     99       182                        5                           0
  2025    193    193    193    104       193                        0                           0
   all   4300   4251   4251   2224      4251                       49                           0

Coverage by lead, all seasons (why a lead has no forecast):
lead  games  forecast  no station within 40 km  run ends before the window
   1   4300      4251                       49                           0
   2   4300      4251                       49                           0
   3   4300      2224                       49                        2027
 any   4300      4251                       49                           0

Games with no forecast at any lead, by what each station within 40 km held:
                    why detail  games
no station within 40 km            49

At the close (the primary):
sample  games  with_mos  lead1  lead2  lead3  close_n close_record  close_win_pct close_win_ci  close_roi_pct   close_roi_ci  close_p_one_sided
  2004    209       209    209    209    113       39      23-15-1           60.5    44.7-74.4           15.6 -14.6 to +42.0             0.2000
  2005    213       213    213    213    119       21       15-6-0           71.4    50.0-86.2           36.4  -4.5 to +64.5             0.0615
  2006    200       200    200    200    105       28      16-11-1           59.3    40.7-75.5           13.1 -22.2 to +44.1             0.3017
  2007    200       200    200    200    101       27      13-14-0           48.1    30.7-66.0           -8.1 -41.3 to +26.0             0.7369
  2008    199       199    199    199     99       32      22-10-0           68.8    51.4-82.0           31.2  -1.8 to +56.6             0.0455
  2009    186       186    186    186     95       19       9-10-0           47.4    27.3-68.3           -9.6 -47.8 to +30.4             0.7477
  2010    191       191    191    191     98       29      10-18-1           35.7    20.7-54.2          -31.8  -60.5 to +3.4             0.9752
  2011    190       190    190    190     98       27      15-12-0           55.6    37.3-72.4            6.1 -28.8 to +38.2             0.4467
  2012    190       190    190    190     99       24      10-13-1           43.5    25.6-63.2          -17.0 -51.1 to +20.6             0.8562
  2013    192       192    192    192     97       29      15-14-0           51.7    34.4-68.6           -1.3 -34.3 to +31.0             0.6021
  2014    197       197    197    197    107       26      16-10-0           61.5    42.5-77.6           17.5 -18.8 to +48.1             0.2309
  2015    198       198    198    198    110       27      16-10-1           61.5    42.5-77.6           17.5 -18.8 to +48.1             0.2309
  2016    194       194    194    194    101       24      13-11-0           54.2    35.1-72.1            3.4 -33.0 to +37.7             0.5129
  2017    195       195    195    195     96       22       15-7-0           68.2    47.3-83.6           30.2  -9.7 to +59.7             0.1011
  2018    195       195    195    195    102       23      12-10-1           54.5    34.7-73.1            4.1 -33.8 to +39.5             0.5054
  2019    196       196    196    196     99       25      14-11-0           56.0    37.1-73.3            6.9 -29.2 to +40.0             0.4371
  2020    176       176    176    176     88       32      12-20-0           37.5    22.9-54.7          -28.4  -56.2 to +4.5             0.9691
  2021    189       189    189    189    104       34      22-11-1           66.7    49.6-80.2           27.3  -5.3 to +53.2             0.0699
  2022    183       183    183    183     97       30      20-10-0           66.7    48.8-80.8           27.3  -6.9 to +54.2             0.0822
  2023    183       183    183    183     93       27       18-7-2           72.0    52.4-85.7           37.5  +0.1 to +63.6             0.0372
  2024    182       182    182    182     99       29      13-16-0           44.8    28.4-62.5          -14.4 -45.8 to +19.2             0.8414
  2025    193       193    193    193    104       33      18-15-0           54.5    38.0-70.2            4.1 -27.5 to +33.9             0.4714
pooled   4251      4251   4251   4251   2224      607    337-261-9           56.4    52.4-60.3            7.6  -0.1 to +15.1             0.0283

At nflverse's under price where it is -115 or better; at the SBR opener, with the nflverse close on those same games (closeop_), and at the SBR close (2007-21); and, at the close, every game whose OBSERVED (game-book) wind reached 15 in the same pool of games with a forecast (obs_: not the forecast signals; obs_also_signal of them are also forecast signals):
sample  price_n price_record  price_roi_pct  open_n open_record  open_win_pct  open_move_mean closeop_record  closeop_win_pct  sbrclose_n sbrclose_record  sbrclose_win_pct  obs_n  obs_also_signal obs_record  obs_win_pct obs_win_ci
  2004        0        0-0-0            NaN       0       0-0-0           NaN             NaN          0-0-0              NaN           0           0-0-0               NaN     39               24    27-11-1         71.1  55.2-83.0
  2005        0        0-0-0            NaN       0       0-0-0           NaN             NaN          0-0-0              NaN           0           0-0-0               NaN     26               14    13-13-0         50.0  32.1-67.9
  2006       24       14-9-1           19.0       0       0-0-0           NaN             NaN          0-0-0              NaN           0           0-0-0               NaN     25               10    12-12-1         50.0  31.4-68.6
  2007       23      10-13-0          -14.7      25     13-12-0          52.0           -1.66        12-13-0             48.0          25         12-13-0              48.0     23               17    11-12-0         47.8  29.2-67.0
  2008       27      17-10-0           24.7      32      24-8-0          75.0           -1.44        22-10-0             68.8          32          22-9-1              71.0     40               21     30-9-1         76.9  61.7-87.4
  2009       18       8-10-0          -12.9      19      11-7-1          61.1           -1.37         9-10-0             47.4          19          9-10-0              47.4     17                8     10-7-0         58.8  36.0-78.4
  2010       29      10-18-1          -29.9      29     10-19-0          34.5           -0.29        10-18-1             35.7          29         11-18-0              37.9     33               17    13-20-0         39.4  24.7-56.3
  2011       27      15-12-0            8.3      27     15-11-1          57.7           -0.74        15-12-0             55.6          27         15-12-0              55.6     29               21    16-13-0         55.2  37.5-71.6
  2012       24      10-13-1          -14.2      24     11-13-0          45.8           -1.27        10-13-1             43.5          24         10-14-0              41.7     25               14     16-8-1         66.7  46.7-82.0
  2013       28      15-13-0            6.3      29     17-12-0          58.6           -0.31        15-14-0             51.7          29         15-14-0              51.7     21               14    11-10-0         52.4  32.4-71.7
  2014       26      16-10-0           20.6      26     16-10-0          61.5            0.00        16-10-0             61.5          26         16-10-0              61.5     23               13    10-12-1         45.5  26.9-65.3
  2015       27      16-10-1           20.0      27      17-9-1          65.4           -0.98        16-10-1             61.5          27         17-10-0              63.0     24               13     14-9-1         60.9  40.8-77.8
  2016       21      11-10-0            2.0      24     13-11-0          54.2           -0.75        13-11-0             54.2          24         13-11-0              54.2     22               13     9-13-0         40.9  23.3-61.3
  2017       21       14-7-0           31.5      21      13-6-2          68.4           -0.55         14-7-0             66.7          21          13-7-1              65.0     20               13     12-8-0         60.0  38.7-78.1
  2018       23      12-10-1            6.1      23      14-9-0          60.9           -1.35        12-10-1             54.5          23         12-11-0              52.2     17                9     13-4-0         76.5  52.7-90.4
  2019       24      14-10-0           13.4      25     14-11-0          56.0           -0.84        14-11-0             56.0          25         14-11-0              56.0     22               16    12-10-0         54.5  34.7-73.1
  2020       30      11-19-0          -27.7      32     15-16-1          48.4           -1.59        12-20-0             37.5          32         12-20-0              37.5     26               19     9-17-0         34.6  19.4-53.8
  2021       34      22-11-1           29.9      34      24-9-1          72.7           -1.54        22-11-1             66.7          34         23-11-0              67.6     28               18     19-9-0         67.9  49.3-82.1
  2022       29      19-10-0           26.9       0       0-0-0           NaN             NaN          0-0-0              NaN           0           0-0-0               NaN     24               14     16-8-0         66.7  46.7-82.0
  2023       26       17-7-2           35.4       0       0-0-0           NaN             NaN          0-0-0              NaN           0           0-0-0               NaN     13               11      9-2-2         81.8  52.3-94.9
  2024       28      12-16-0          -18.4       0       0-0-0           NaN             NaN          0-0-0              NaN           0           0-0-0               NaN     16               14      7-9-0         43.8  23.1-66.8
  2025       28      16-12-0            8.8       0       0-0-0           NaN             NaN          0-0-0              NaN           0           0-0-0               NaN     20               20     11-9-0         55.0  34.2-74.2
pooled      517    279-230-8            6.9     397   227-163-7          58.2           -0.99      212-180-5             54.1         397       214-181-2              54.2    533              333  300-225-8         57.1  52.9-61.3

Pooled and the declared era cuts (descriptive, 0 variants), with the interval and p-value also computed with standard errors grouped by game day (the kickoff's Eastern date):
            sample   seasons  per_season  close_n close_record  close_win_pct close_win_ci  close_roi_pct  close_p_one_sided  days grouped_ci  grouped_p  deff
            pooled 2004-2025        27.6      607    337-261-9           56.4    52.4-60.3            7.6             0.0283   327  52.5-60.2     0.0211  0.93
           2004-14 2004-2014        27.4      301    164-133-4           55.2    49.5-60.8            5.4             0.1785   154  50.2-60.2     0.1325  0.78
           2015-25 2015-2025        27.8      306    173-128-5           57.5    51.8-62.9            9.7             0.0432   173  51.7-63.3     0.0429  1.08
last five, 2021-25 2021-2025        30.6      153      91-59-3           60.7    52.7-68.1           15.8             0.0252    89  52.4-68.9     0.0241  1.11

            sample  open_n open_record  open_win_pct open_win_ci closeop_record  closeop_win_pct  sbrclose_n sbrclose_record  sbrclose_win_pct  obs_n  obs_also_signal obs_record  obs_win_pct obs_win_ci
            pooled     397   227-163-7          58.2   53.3-63.0      212-180-5             54.1         397       214-181-2              54.2    533              333  300-225-8         57.1  52.9-61.3
           2004-14     211    117-92-2          56.0   49.2-62.5      109-100-2             52.2         211       110-100-1              52.4    301              173  169-127-5         57.1  51.4-62.6
           2015-25     186    110-71-5          60.8   53.5-67.6       103-80-3             56.3         186        104-81-1              56.2    232              160   131-98-3         57.2  50.7-63.4
last five, 2021-25      34      24-9-1          72.7   55.8-84.9        22-11-1             66.7          34         23-11-0              67.6    101               77    62-37-2         62.6  52.8-71.5

If same-day results correlated at 0.1, as same-day line moves do (paper-to-money study, #51): design effect, 95% interval and one-sided p:
  pooled: 1.16, 52.1-60.6%, p = 0.0343
  2004-14: 1.17, 49.1-61.3%, p = 0.1819
  2015-25: 1.14, 51.5-63.4%, p = 0.0472
  last five, 2021-25: 1.13, 52.4-69.0%, p = 0.0253

MOS minus observed kickoff wind, mph (observed = game book, else calibrated ERA5):
 lead  observed    n  mean_error  mae  rmse  corr  mos_ge15_pct  obs_ge15_pct  mos_mean  obs_mean
    1       all 4251        0.86 2.88  4.08 0.693         10.94         12.54      9.23      8.37
    1 game book 4137        0.88 2.90  4.11 0.692         11.02         12.71      9.24      8.36
    2       all 4251        0.92 2.98  4.09 0.682         10.92         12.54      9.29      8.37
    2 game book 4137        0.93 3.01  4.12 0.681         10.97         12.71      9.30      8.36
    3       all 2224        0.99 3.05  4.04 0.696         12.63         14.70      9.94      8.95
    3 game book 2165        0.99 3.07  4.06 0.696         12.70         14.97      9.95      8.96

By season and lead (matched_obs_mph: the observed wind reached as often as MOS reaches 15 mph):
season  lead    n  mean_error  mae  rmse  corr  mos_ge15_pct  obs_ge15_pct  matched_obs_mph
  2004     1  209        0.10 3.35  4.38 0.718         14.83         18.66            15.00
  2004     2  209        0.10 3.52  4.68 0.686         16.27         18.66            15.00
  2004     3  113        0.04 3.78  5.00 0.634         14.16         17.70            15.00
  2005     1  213        0.51 3.41  4.53 0.615          7.04         12.21            16.07
  2005     2  213        0.65 3.63  4.83 0.577          7.98         12.21            15.08
  2005     3  119        0.97 3.61  4.60 0.601         10.08         10.08            14.10
  2006     1  200        1.13 3.24  4.43 0.570          8.00         12.50            16.08
  2006     2  200        1.38 3.40  4.75 0.534         11.50         12.50            15.00
  2006     3  105        1.17 3.28  4.20 0.669          6.67         15.24            18.13
  2007     1  200        1.09 3.02  4.27 0.677         10.00         11.50            16.00
  2007     2  200        1.20 3.14  4.43 0.646          9.50         11.50            16.00
  2007     3  101        0.75 2.79  3.71 0.766         10.89         15.84            16.11
  2008     1  199        0.92 3.19  4.40 0.757         14.07         20.10            15.14
  2008     2  199        0.70 3.43  4.90 0.679         13.07         20.10            16.00
  2008     3   99        0.72 3.81  4.81 0.730         13.13         27.27            17.00
  2009     1  186        1.26 2.90  3.77 0.669          8.60          9.14            15.00
  2009     2  186        1.37 3.02  3.85 0.654          7.53          9.14            15.00
  2009     3   95        1.17 2.96  3.70 0.555          6.32          8.42            15.00
  2010     1  191       -0.03 2.73  3.71 0.720         11.52         17.28            16.00
  2010     2  191        0.17 2.77  3.74 0.719         10.99         17.28            16.00
  2010     3   98        0.20 2.70  3.39 0.727         16.33         18.37            15.00
  2011     1  190        0.37 2.93  4.10 0.738         11.05         15.26            15.00
  2011     2  190        0.39 3.12  4.18 0.721         11.05         15.26            15.00
  2011     3   98        0.57 2.90  3.94 0.785         12.24         18.37            15.12
  2012     1  190        0.69 2.91  3.78 0.696          8.95         13.16            15.09
  2012     2  190        0.92 2.97  3.86 0.694          9.47         13.16            15.00
  2012     3   99        1.15 3.17  4.13 0.677         15.15         16.16            15.00
  2013     1  192        0.69 2.93  4.12 0.693         13.02         10.94            14.00
  2013     2  192        0.77 3.03  4.28 0.651         10.42         10.94            15.00
  2013     3   97        0.45 2.93  3.72 0.720         13.40         10.31            14.00
  2014     1  197        1.02 2.75  3.98 0.649          6.60         11.68            16.00
  2014     2  197        1.23 2.86  4.41 0.583          8.63         11.68            15.00
  2014     3  107        1.14 3.05  4.27 0.632         14.02         13.08            14.00
  2015     1  198        0.89 2.64  3.39 0.760          9.60         12.12            15.00
  2015     2  198        0.80 2.84  3.90 0.678          9.60         12.12            15.00
  2015     3  110        0.49 2.87  3.71 0.650          9.09         15.45            16.00
  2016     1  194        1.25 3.21  6.77 0.437          9.79         11.34            15.00
  2016     2  194        0.83 2.88  4.03 0.685          8.25         11.34            15.00
  2016     3  101        0.93 3.31  4.45 0.665         11.88         16.83            15.00
  2017     1  195        0.56 2.42  3.34 0.761          8.21         10.26            15.00
  2017     2  195        0.70 2.57  3.42 0.753          7.69         10.26            15.08
  2017     3   96        1.14 2.62  3.63 0.753         11.46         14.58            15.11
  2018     1  195        0.96 2.27  3.26 0.755          9.23          8.72            14.00
  2018     2  195        1.11 2.38  3.49 0.721          8.72          8.72            14.09
  2018     3  102        1.34 2.52  3.56 0.711         10.78          9.80            13.00
  2019     1  196        0.77 2.42  3.24 0.785         12.24         11.22            14.00
  2019     2  196        0.75 2.50  3.29 0.767         11.22         11.22            14.11
  2019     3   99        0.63 2.50  3.18 0.762         14.14         17.17            15.00
  2020     1  176        1.04 2.65  3.62 0.838         14.20         14.77            15.00
  2020     2  176        1.13 2.81  3.73 0.818         15.34         14.77            14.00
  2020     3   88        1.69 2.86  3.70 0.875         17.05         18.18            15.00
  2021     1  189        0.72 3.46  4.32 0.701         14.29         14.81            15.00
  2021     2  189        0.55 3.27  4.12 0.711         14.81         14.81            14.15
  2021     3  104        0.80 3.22  4.10 0.675         14.42         15.38            15.00
  2022     1  183        0.14 2.77  3.83 0.711         12.57         13.11            15.00
  2022     2  183        0.08 2.86  3.83 0.693         10.93         13.11            15.16
  2022     3   97        0.59 3.02  4.13 0.654         15.46         15.46            14.65
  2023     1  183        1.14 2.27  3.04 0.780         10.38          7.10            13.02
  2023     2  183        1.44 2.50  3.27 0.757         10.93          7.10            13.00
  2023     3   93        1.94 2.81  3.81 0.706         12.90          8.60            13.13
  2024     1  182        1.82 2.64  3.56 0.767         12.09          8.79            13.00
  2024     2  182        1.97 2.76  3.77 0.718         13.19          8.79            13.00
  2024     3   99        1.95 2.93  3.93 0.664         14.14          9.09            13.00
  2025     1  193        2.03 3.06  4.11 0.741         15.03         10.36            12.15
  2025     2  193        2.13 3.24  4.28 0.710         13.47         10.36            13.00
  2025     3  104        2.15 3.24  4.29 0.743         15.38         12.50            13.15
   all     1 4251        0.86 2.88  4.08 0.693         10.94         12.54            15.00
   all     2 4251        0.92 2.98  4.09 0.682         10.92         12.54            15.00
   all     3 2224        0.99 3.05  4.04 0.696         12.63         14.70            15.00

Does 15 mph on MOS mean what 15 mph observed means? By season, lead 1: mean MOS minus observed (l1_bias), share of games at 15+ on MOS and observed, and the share of MOS signals whose observed wind reached 15:
sample  l1_bias  l1_mos15_pct  obs15_pct  sig_obs15_pct
  2004     0.10          14.8       18.7           61.5
  2005     0.51           7.0       12.2           66.7
  2006     1.13           8.0       12.5           35.7
  2007     1.09          10.0       11.5           63.0
  2008     0.92          14.1       20.1           65.6
  2009     1.26           8.6        9.1           42.1
  2010    -0.03          11.5       17.3           58.6
  2011     0.37          11.1       15.3           77.8
  2012     0.69           8.9       13.2           58.3
  2013     0.69          13.0       10.9           48.3
  2014     1.02           6.6       11.7           50.0
  2015     0.89           9.6       12.1           48.1
  2016     1.25           9.8       11.3           54.2
  2017     0.56           8.2       10.3           59.1
  2018     0.96           9.2        8.7           39.1
  2019     0.77          12.2       11.2           64.0
  2020     1.04          14.2       14.8           59.4
  2021     0.72          14.3       14.8           52.9
  2022     0.14          12.6       13.1           46.7
  2023     1.14          10.4        7.1           40.7
  2024     1.82          12.1        8.8           48.3
  2025     2.03          15.0       10.4           60.6
pooled     0.86          10.9       12.5           54.9

Where the result sits (descriptive; these splits are not rules):
  MOS and observed both >= 15: 333 games, 189-139-5 (57.6%)
  MOS only: 274 games, 148-122-4 (54.8%)
  observed only: 200 games, 111-86-3 (56.3%)
  gap between both-fired and MOS-only, Fisher exact two-sided p = 0.508
  MOS signals by first lead: {1.0: 82, 2.0: 244, 3.0: 281}
  the rule (any lead) fires on 14.28% of 4251 games; the observed wind reaches 15 on 12.54%; the observed threshold reached as often as the rule fires: 14.00 mph (n=4251)

Signals per season (all, and from Oct 1 on):
season     2004  2005  2006  2007  2008  2009  2010  2011  2012  2013  2014  2015  2016  2017  2018  2019  2020  2021  2022  2023  2024  2025
signals      39    21    28    27    32    19    29    27    24    29    26    27    24    22    23    25    32    34    30    27    29    33
from_oct1    29    19    24    23    28    15    28    26    17    27    24    23    20    21    20    19    26    26    27    26    23    31
  mean 27.6, median 27, range 19-39

Against Open-Meteo previous runs (step 3 of the issue):
  games with both (2023-25): 380
  lead 1 (n=380): MOS minus Open-Meteo (game-book scale) +1.02 mph, corr 0.78; vs game-book wind: MOS MAE 2.84, Open-Meteo MAE 2.33
  lead 2 (n=380): MOS minus Open-Meteo (game-book scale) +1.01 mph, corr 0.79; vs game-book wind: MOS MAE 3.00, Open-Meteo MAE 2.47
  lead 3 (n=203): MOS minus Open-Meteo (game-book scale) +1.12 mph, corr 0.85; vs game-book wind: MOS MAE 3.09, Open-Meteo MAE 2.66
  signals: MOS 63 (31-31-1), Open-Meteo 42 (22-20-0), both 35

Multiple testing: 1 variant for the NFL, plus 1 for a cut looked at after the results (the seasons outside 2007-21; every look is counted); with the CFB replay already inside main's running count of 271, this makes 273. Bonferroni bar p < 0.000183. Pooled one-sided p = 0.0283. The era cuts above are descriptive and add none.
Observed-wind history for comparison: 57.2% in 682 observed-wind games since 1999 (STRATEGY.md).
