Hand check of the MOS run selection (no lookahead), NFL. Lead L must use a run from the kickoff's
Eastern date minus L, published (run time + 5 h) before the last alert run that day (7:30 PM Pacific).
Runs from the kickoff date itself are never used. The wind is read at the kickoff instant. Knots x 1.150779 = mph.

2025_01_CIN_CLE CIN at CLE, 2025 week 1 (1 PM Sunday: lead 3's run reaches it; fires at lead 3 only)
  station KBKL, rank 0 of KBKL 2.2 km, KCLE 17.2 km, KCGF 19.6 km
  kickoff 2025-09-07 17:00 UTC = Sun 2025-09-07 13:00 Eastern; Eastern date 2025-09-07
  runs cached for 2025-09-04 (lead 3): 00Z 06Z 12Z 18Z
  runs cached for 2025-09-05 (lead 2): 00Z 06Z 12Z 18Z
  runs cached for 2025-09-06 (lead 1): 00Z 06Z 12Z 18Z
  runs cached for 2025-09-07 (kickoff date: never used): 00Z 06Z 12Z 18Z
  lead 1 (runs of 2025-09-06): run 2025-09-06 18Z, published by 2025-09-06 23:00 UTC; last alert run that day 2025-09-07 02:30 UTC; kickoff 2025-09-07 17:00 UTC
    09-07 17:00Z: steps 09-07 15Z 9 kt, 09-07 18Z 10 kt -> 9.667 kt
    mean 9.667 kt x 1.150779 = 11.12 mph
  lead 2 (runs of 2025-09-05): run 2025-09-05 18Z, published by 2025-09-05 23:00 UTC; last alert run that day 2025-09-06 02:30 UTC; kickoff 2025-09-07 17:00 UTC
    09-07 17:00Z: steps 09-07 15Z 9 kt, 09-07 18Z 11 kt -> 10.333 kt
    mean 10.333 kt x 1.150779 = 11.89 mph
  lead 3 (runs of 2025-09-04): run 2025-09-04 18Z, published by 2025-09-04 23:00 UTC; last alert run that day 2025-09-05 02:30 UTC; kickoff 2025-09-07 17:00 UTC
    09-07 17:00Z: steps 09-07 12Z 11 kt, 09-07 18Z 14 kt -> 13.500 kt
    mean 13.500 kt x 1.150779 = 15.54 mph  (>= 15: fires)
  replay row (data/processed/mos_replay.parquet): lead 1 11.12, lead 2 11.89, lead 3 15.54; signal True

2024_01_DAL_CLE DAL at CLE, 2024 week 1 (4:25 PM Sunday: lead 3's run ends before kickoff)
  station KBKL, rank 0 of KBKL 2.2 km, KCLE 17.2 km, KCGF 19.6 km
  kickoff 2024-09-08 20:25 UTC = Sun 2024-09-08 16:25 Eastern; Eastern date 2024-09-08
  runs cached for 2024-09-05 (lead 3): 00Z 06Z 12Z 18Z
  runs cached for 2024-09-06 (lead 2): 00Z 06Z 12Z 18Z
  runs cached for 2024-09-07 (lead 1): 00Z 06Z 12Z 18Z
  runs cached for 2024-09-08 (kickoff date: never used): 00Z 06Z 12Z 18Z
  lead 1 (runs of 2024-09-07): run 2024-09-07 18Z, published by 2024-09-07 23:00 UTC; last alert run that day 2024-09-08 02:30 UTC; kickoff 2024-09-08 20:25 UTC
    09-08 20:25Z: steps 09-08 18Z 13 kt, 09-08 21Z 11 kt -> 11.389 kt
    mean 11.389 kt x 1.150779 = 13.11 mph
  lead 2 (runs of 2024-09-06): run 2024-09-06 18Z, published by 2024-09-06 23:00 UTC; last alert run that day 2024-09-07 02:30 UTC; kickoff 2024-09-08 20:25 UTC
    09-08 20:25Z: steps 09-08 18Z 11 kt, 09-08 21Z 10 kt -> 10.194 kt
    mean 10.194 kt x 1.150779 = 11.73 mph
  lead 3 (runs of 2024-09-05): none; run ends before the window
  replay row (data/processed/mos_replay.parquet): lead 1 13.11, lead 2 11.73, lead 3 none; signal False

2023_01_DAL_NYG DAL at NYG, 2023 week 1 (Sunday night: 8:20 PM Eastern is Monday in UTC)
  station KTEB, rank 0 of KTEB 4.6 km, KNYC 9.5 km, KEWR 14.9 km
  kickoff 2023-09-11 00:20 UTC = Sun 2023-09-10 20:20 Eastern; Eastern date 2023-09-10
  runs cached for 2023-09-07 (lead 3): 00Z 06Z 12Z 18Z
  runs cached for 2023-09-08 (lead 2): 00Z 06Z 12Z 18Z
  runs cached for 2023-09-09 (lead 1): 00Z 06Z 12Z 18Z
  runs cached for 2023-09-10 (kickoff date: never used): 00Z 06Z 12Z 18Z
  lead 1 (runs of 2023-09-09): run 2023-09-09 18Z, published by 2023-09-09 23:00 UTC; last alert run that day 2023-09-10 02:30 UTC; kickoff 2023-09-11 00:20 UTC
    09-11 00:20Z: steps 09-11 00Z 3 kt, 09-11 03Z 1 kt -> 2.778 kt
    mean 2.778 kt x 1.150779 = 3.20 mph
  lead 2 (runs of 2023-09-08): run 2023-09-08 18Z, published by 2023-09-08 23:00 UTC; last alert run that day 2023-09-09 02:30 UTC; kickoff 2023-09-11 00:20 UTC
    09-11 00:20Z: steps 09-11 00Z 4 kt, 09-11 03Z 2 kt -> 3.778 kt
    mean 3.778 kt x 1.150779 = 4.35 mph
  lead 3 (runs of 2023-09-07): none; run ends before the window
  replay row (data/processed/mos_replay.parquet): lead 1 3.20, lead 2 4.35, lead 3 none; signal False

2022_02_TEN_BUF TEN at BUF, 2022 week 2 (Monday night: lead 1 is Sunday's run)
  station KBUF, rank 0 of KBUF 18.0 km, KIAG 39.4 km
  kickoff 2022-09-19 23:15 UTC = Mon 2022-09-19 19:15 Eastern; Eastern date 2022-09-19
  runs cached for 2022-09-16 (lead 3): 00Z 06Z 12Z 18Z
  runs cached for 2022-09-17 (lead 2): 00Z 06Z 12Z 18Z
  runs cached for 2022-09-18 (lead 1): 00Z 06Z 12Z 18Z
  runs cached for 2022-09-19 (kickoff date: never used): 00Z 06Z 12Z 18Z
  lead 1 (runs of 2022-09-18): run 2022-09-18 18Z, published by 2022-09-18 23:00 UTC; last alert run that day 2022-09-19 02:30 UTC; kickoff 2022-09-19 23:15 UTC
    09-19 23:15Z: steps 09-19 21Z 13 kt, 09-20 00Z 12 kt -> 12.250 kt
    mean 12.250 kt x 1.150779 = 14.10 mph
  lead 2 (runs of 2022-09-17): run 2022-09-17 18Z, published by 2022-09-17 23:00 UTC; last alert run that day 2022-09-18 02:30 UTC; kickoff 2022-09-19 23:15 UTC
    09-19 23:15Z: steps 09-19 21Z 13 kt, 09-20 00Z 12 kt -> 12.250 kt
    mean 12.250 kt x 1.150779 = 14.10 mph
  lead 3 (runs of 2022-09-16): none; run ends before the window
  replay row (data/processed/mos_replay.parquet): lead 1 14.10, lead 2 14.10, lead 3 none; signal False

2019_06_NYG_NE NYG at NE, 2019 week 6 (Thursday night; fires at lead 2 and lead 1)
  station KOWD, rank 0 of KOWD 13.5 km, KMQE 18.6 km, KSFZ 27.2 km
  kickoff 2019-10-11 00:20 UTC = Thu 2019-10-10 20:20 Eastern; Eastern date 2019-10-10
  runs cached for 2019-10-07 (lead 3): 00Z 06Z 12Z 18Z
  runs cached for 2019-10-08 (lead 2): 00Z 06Z 12Z 18Z
  runs cached for 2019-10-09 (lead 1): 00Z 06Z 12Z 18Z
  runs cached for 2019-10-10 (kickoff date: never used): 00Z 06Z 12Z 18Z
  lead 1 (runs of 2019-10-09): run 2019-10-09 18Z, published by 2019-10-09 23:00 UTC; last alert run that day 2019-10-10 02:30 UTC; kickoff 2019-10-11 00:20 UTC
    10-11 00:20Z: steps 10-11 00Z 14 kt, 10-11 03Z 11 kt -> 13.667 kt
    mean 13.667 kt x 1.150779 = 15.73 mph  (>= 15: fires)
  lead 2 (runs of 2019-10-08): run 2019-10-08 18Z, published by 2019-10-08 23:00 UTC; last alert run that day 2019-10-09 02:30 UTC; kickoff 2019-10-11 00:20 UTC
    10-11 00:20Z: steps 10-11 00Z 16 kt, 10-11 03Z 14 kt -> 15.778 kt
    mean 15.778 kt x 1.150779 = 18.16 mph  (>= 15: fires)
  lead 3 (runs of 2019-10-07): none; run ends before the window
  replay row (data/processed/mos_replay.parquet): lead 1 15.73, lead 2 18.16, lead 3 none; signal True

2021_16_CLE_GB CLE at GB, 2021 week 16 (Christmas Saturday, winter time)
  station KGRB, rank 0 of KGRB 5.9 km
  kickoff 2021-12-25 21:30 UTC = Sat 2021-12-25 16:30 Eastern; Eastern date 2021-12-25
  runs cached for 2021-12-22 (lead 3): 00Z 06Z 12Z 18Z
  runs cached for 2021-12-23 (lead 2): 00Z 06Z 12Z 18Z
  runs cached for 2021-12-24 (lead 1): 00Z 06Z 12Z 18Z
  runs cached for 2021-12-25 (kickoff date: never used): 00Z 06Z 12Z 18Z
  lead 1 (runs of 2021-12-24): run 2021-12-24 18Z, published by 2021-12-24 23:00 UTC; last alert run that day 2021-12-25 03:30 UTC; kickoff 2021-12-25 21:30 UTC
    12-25 21:30Z: steps 12-25 21Z 6 kt, 12-26 00Z 2 kt -> 5.333 kt
    mean 5.333 kt x 1.150779 = 6.14 mph
  lead 2 (runs of 2021-12-23): run 2021-12-23 18Z, published by 2021-12-23 23:00 UTC; last alert run that day 2021-12-24 03:30 UTC; kickoff 2021-12-25 21:30 UTC
    12-25 21:30Z: steps 12-25 21Z 7 kt, 12-26 00Z 6 kt -> 6.833 kt
    mean 6.833 kt x 1.150779 = 7.86 mph
  lead 3 (runs of 2021-12-22): none; run ends before the window
  replay row (data/processed/mos_replay.parquet): lead 1 6.14, lead 2 7.86, lead 3 none; signal False

2019_09_WAS_BUF WAS at BUF, 2019 week 9 (the Sunday summer time ends; lead 3's last step is kickoff itself; fires)
  station KBUF, rank 0 of KBUF 18.0 km, KIAG 39.4 km
  kickoff 2019-11-03 18:00 UTC = Sun 2019-11-03 13:00 Eastern; Eastern date 2019-11-03
  runs cached for 2019-10-31 (lead 3): 00Z 06Z 12Z 18Z
  runs cached for 2019-11-01 (lead 2): 00Z 06Z 12Z 18Z
  runs cached for 2019-11-02 (lead 1): 00Z 06Z 12Z 18Z
  runs cached for 2019-11-03 (kickoff date: never used): 00Z 06Z 12Z 18Z
  lead 1 (runs of 2019-11-02): run 2019-11-02 18Z, published by 2019-11-02 23:00 UTC; last alert run that day 2019-11-03 02:30 UTC; kickoff 2019-11-03 18:00 UTC
    11-03 18:00Z: steps 11-03 18Z 17 kt, 11-03 18Z 17 kt -> 17.000 kt
    mean 17.000 kt x 1.150779 = 19.56 mph  (>= 15: fires)
  lead 2 (runs of 2019-11-01): run 2019-11-01 18Z, published by 2019-11-01 23:00 UTC; last alert run that day 2019-11-02 02:30 UTC; kickoff 2019-11-03 18:00 UTC
    11-03 18:00Z: steps 11-03 18Z 17 kt, 11-03 18Z 17 kt -> 17.000 kt
    mean 17.000 kt x 1.150779 = 19.56 mph  (>= 15: fires)
  lead 3 (runs of 2019-10-31): run 2019-10-31 18Z, published by 2019-10-31 23:00 UTC; last alert run that day 2019-11-01 02:30 UTC; kickoff 2019-11-03 18:00 UTC
    11-03 18:00Z: steps 11-03 18Z 16 kt, 11-03 18Z 16 kt -> 16.000 kt
    mean 16.000 kt x 1.150779 = 18.41 mph  (>= 15: fires)
  replay row (data/processed/mos_replay.parquet): lead 1 19.56, lead 2 19.56, lead 3 18.41; signal True

2016_17_NE_MIA NE at MIA, 2016 week 17 (New Year's Day: 13 kt = 14.96 mph at leads 1 and 2 (no); fires at lead 3)
  station KHWO, rank 0 of KHWO 4.7 km, KOPF 7.7 km, KFLL 15.3 km
  kickoff 2017-01-01 18:00 UTC = Sun 2017-01-01 13:00 Eastern; Eastern date 2017-01-01
  runs cached for 2016-12-29 (lead 3): 00Z 06Z 12Z 18Z
  runs cached for 2016-12-30 (lead 2): 00Z 06Z 12Z 18Z
  runs cached for 2016-12-31 (lead 1): 00Z 06Z 12Z 18Z
  runs cached for 2017-01-01 (kickoff date: never used): none
  lead 1 (runs of 2016-12-31): run 2016-12-31 18Z, published by 2016-12-31 23:00 UTC; last alert run that day 2017-01-01 03:30 UTC; kickoff 2017-01-01 18:00 UTC
    01-01 18:00Z: steps 01-01 18Z 13 kt, 01-01 18Z 13 kt -> 13.000 kt
    mean 13.000 kt x 1.150779 = 14.96 mph
  lead 2 (runs of 2016-12-30): run 2016-12-30 18Z, published by 2016-12-30 23:00 UTC; last alert run that day 2016-12-31 03:30 UTC; kickoff 2017-01-01 18:00 UTC
    01-01 18:00Z: steps 01-01 18Z 13 kt, 01-01 18Z 13 kt -> 13.000 kt
    mean 13.000 kt x 1.150779 = 14.96 mph
  lead 3 (runs of 2016-12-29): run 2016-12-29 18Z, published by 2016-12-29 23:00 UTC; last alert run that day 2016-12-30 03:30 UTC; kickoff 2017-01-01 18:00 UTC
    01-01 18:00Z: steps 01-01 18Z 15 kt, 01-01 18Z 15 kt -> 15.000 kt
    mean 15.000 kt x 1.150779 = 17.26 mph  (>= 15: fires)
  replay row (data/processed/mos_replay.parquet): lead 1 14.96, lead 2 14.96, lead 3 17.26; signal True

2004_16_DEN_TEN DEN at TEN, 2004 week 16 (Christmas night 2004, the first season)
  station KBNA, rank 0 of KBNA 9.7 km, KMQY 30.6 km
  kickoff 2004-12-26 01:30 UTC = Sat 2004-12-25 20:30 Eastern; Eastern date 2004-12-25
  runs cached for 2004-12-22 (lead 3): 00Z 06Z 12Z 18Z
  runs cached for 2004-12-23 (lead 2): 00Z 06Z 12Z 18Z
  runs cached for 2004-12-24 (lead 1): 00Z 06Z 12Z 18Z
  runs cached for 2004-12-25 (kickoff date: never used): 00Z 06Z 12Z 18Z
  lead 1 (runs of 2004-12-24): run 2004-12-24 18Z, published by 2004-12-24 23:00 UTC; last alert run that day 2004-12-25 03:30 UTC; kickoff 2004-12-26 01:30 UTC
    12-26 01:30Z: steps 12-26 00Z 2 kt, 12-26 03Z 0 kt -> 1.000 kt
    mean 1.000 kt x 1.150779 = 1.15 mph
  lead 2 (runs of 2004-12-23): run 2004-12-23 18Z, published by 2004-12-23 23:00 UTC; last alert run that day 2004-12-24 03:30 UTC; kickoff 2004-12-26 01:30 UTC
    12-26 01:30Z: steps 12-26 00Z 2 kt, 12-26 03Z 1 kt -> 1.500 kt
    mean 1.500 kt x 1.150779 = 1.73 mph
  lead 3 (runs of 2004-12-22): none; run ends before the window
  replay row (data/processed/mos_replay.parquet): lead 1 1.15, lead 2 1.73, lead 3 none; signal False

2009_06_KC_WAS KC at WAS, 2009 week 6 (next-nearest station: College Park has no runs before 2010, so Andrews)
  station KADW, rank 1 of KCGS 9.3 km, KADW 9.8 km, KDCA 15.7 km
  nearer station KCGS: no runs (KCGS_GFS_2009090900_2009112718.csv)
  kickoff 2009-10-18 17:00 UTC = Sun 2009-10-18 13:00 Eastern; Eastern date 2009-10-18
  runs cached for 2009-10-15 (lead 3): 00Z 06Z 12Z 18Z
  runs cached for 2009-10-16 (lead 2): 00Z 06Z 12Z 18Z
  runs cached for 2009-10-17 (lead 1): 00Z 06Z 12Z 18Z
  runs cached for 2009-10-18 (kickoff date: never used): 00Z 06Z 12Z 18Z
  lead 1 (runs of 2009-10-17): run 2009-10-17 18Z, published by 2009-10-17 23:00 UTC; last alert run that day 2009-10-18 02:30 UTC; kickoff 2009-10-18 17:00 UTC
    10-18 17:00Z: steps 10-18 15Z 15 kt, 10-18 18Z 15 kt -> 15.000 kt
    mean 15.000 kt x 1.150779 = 17.26 mph  (>= 15: fires)
  lead 2 (runs of 2009-10-16): run 2009-10-16 18Z, published by 2009-10-16 23:00 UTC; last alert run that day 2009-10-17 02:30 UTC; kickoff 2009-10-18 17:00 UTC
    10-18 17:00Z: steps 10-18 15Z 12 kt, 10-18 18Z 14 kt -> 13.333 kt
    mean 13.333 kt x 1.150779 = 15.34 mph  (>= 15: fires)
  lead 3 (runs of 2009-10-15): run 2009-10-15 18Z, published by 2009-10-15 23:00 UTC; last alert run that day 2009-10-16 02:30 UTC; kickoff 2009-10-18 17:00 UTC
    10-18 17:00Z: steps 10-18 12Z 8 kt, 10-18 18Z 14 kt -> 13.000 kt
    mean 13.000 kt x 1.150779 = 14.96 mph
  replay row (data/processed/mos_replay.parquet): lead 1 17.26, lead 2 15.34, lead 3 14.96; signal True

2024_02_LV_BAL LV at BAL, 2024 week 2 (next-nearest station: Baltimore Inner Harbor has runs but no wind forecast, so BWI)
  station KBWI, rank 1 of KDMH 1.1 km, KBWI 11.6 km, KMTN 18.4 km
  nearer station KDMH: no wind (KDMH_GFS_2024091200_2025011018.csv); lead 1: gap or no wind, lead 2: gap or no wind, lead 3: gap or no wind
  kickoff 2024-09-15 17:00 UTC = Sun 2024-09-15 13:00 Eastern; Eastern date 2024-09-15
  runs cached for 2024-09-12 (lead 3): 00Z 06Z 12Z 18Z
  runs cached for 2024-09-13 (lead 2): 00Z 06Z 12Z 18Z
  runs cached for 2024-09-14 (lead 1): 00Z 06Z 12Z 18Z
  runs cached for 2024-09-15 (kickoff date: never used): 00Z 06Z 12Z 18Z
  lead 1 (runs of 2024-09-14): run 2024-09-14 18Z, published by 2024-09-14 23:00 UTC; last alert run that day 2024-09-15 02:30 UTC; kickoff 2024-09-15 17:00 UTC
    09-15 17:00Z: steps 09-15 15Z 10 kt, 09-15 18Z 12 kt -> 11.333 kt
    mean 11.333 kt x 1.150779 = 13.04 mph
  lead 2 (runs of 2024-09-13): run 2024-09-13 18Z, published by 2024-09-13 23:00 UTC; last alert run that day 2024-09-14 02:30 UTC; kickoff 2024-09-15 17:00 UTC
    09-15 17:00Z: steps 09-15 15Z 8 kt, 09-15 18Z 10 kt -> 9.333 kt
    mean 9.333 kt x 1.150779 = 10.74 mph
  lead 3 (runs of 2024-09-12): run 2024-09-12 18Z, published by 2024-09-12 23:00 UTC; last alert run that day 2024-09-13 02:30 UTC; kickoff 2024-09-15 17:00 UTC
    09-15 17:00Z: steps 09-15 12Z 4 kt, 09-15 18Z 9 kt -> 8.167 kt
    mean 8.167 kt x 1.150779 = 9.40 mph
  replay row (data/processed/mos_replay.parquet): lead 1 13.04, lead 2 10.74, lead 3 9.40; signal False

11 games; fixture rows: 1285 (tests/fixtures/mos_hand_checked_runs.csv)
