z for p<0.00026 (one-sided) = 3.470; z for p<0.05 = 1.645; -110 break-even = 0.5238; -105 = 0.5122

=== MLB, B-H1 (over). sigma = SD of total runs (2024: 4.31, 2025: 4.59 from statsapi cache; use 4.45) ===
  HR channel, 1.4 runs/HR: 0.0342 runs per F
  HR channel, 1.6 runs/HR: 0.0391 runs per F
  delta scenario                                                  delta  P_full  P_half  n(bar,50%pow)  n(bar,80%pow)  n(p<.05,80%)
  Callahan HR-only, +10F vs park-month norm, 1.5 R/HR              0.37  0.5328  0.5164           2793           4311          1434
  Callahan HR-only, +15F, 1.5 R/HR                                 0.55  0.5492  0.5246           1245           1922           639
  Blog 1952-2015 slope 1 run/50F, +10F                             0.20  0.5179  0.5090           9371          14468          4811
  Blog 2016 slope 1 run/20F, +10F                                  0.50  0.5447  0.5224           1505           2323           772
  Blog 2016 slope 1 run/20F, +15F                                  0.75  0.5669  0.5336            672           1038           345
  Koch&Panorska cold->warm gap 1.13 runs (upper, confounded)       1.13  0.6002  0.5505            300            463           154

=== Soccer, S-H1 (under). sigma = sqrt(goals/match): MLS 3.15->1.77, LigaMX 2.75->1.66, BRA 2.44->1.56, J1 2.67->1.63, K1 2.61->1.62; use 1.65 ===
  delta scenario                                                  delta  P_full  P_half  n(bar,50%pow)  n(bar,80%pow)  n(p<.05,80%)
  Schwarz 2025 beta 0.01 goals/C x 10C (n.s., p=0.79)              0.10  0.5242  0.5121           5156           7961          2647
  Nassis 2015: no goal difference; assume 0.05 goals               0.05  0.5121  0.5060          20606          31813         10579
  generous 0.2 goals                                               0.20  0.5482  0.5242           1294           1997           664
  very generous 0.3 goals                                          0.30  0.5721  0.5362            579            893           297

=== minimum detectable excess win rate (one-sided p<0.05, 80% power) at fixed n ===
  n=  150: MDE = 0.102  (win rate 0.602);  at the p<0.00026 bar with 80% power: 0.176
  n=  200: MDE = 0.088  (win rate 0.588);  at the p<0.00026 bar with 80% power: 0.152
  n=  300: MDE = 0.072  (win rate 0.572);  at the p<0.00026 bar with 80% power: 0.124
  n=  500: MDE = 0.056  (win rate 0.556);  at the p<0.00026 bar with 80% power: 0.096
  n= 1000: MDE = 0.039  (win rate 0.539);  at the p<0.00026 bar with 80% power: 0.068
  n= 2000: MDE = 0.028  (win rate 0.528);  at the p<0.00026 bar with 80% power: 0.048

=== what P a given n can clear at the bar, 50% power (observed rate needed) ===
  n=  146: observed win rate needed for p<0.00026 = 0.644; for p<0.05 = 0.568
  n=  150: observed win rate needed for p<0.00026 = 0.642; for p<0.05 = 0.567
  n=  300: observed win rate needed for p<0.00026 = 0.600; for p<0.05 = 0.547
  n=  500: observed win rate needed for p<0.00026 = 0.578; for p<0.05 = 0.537
  n= 1000: observed win rate needed for p<0.00026 = 0.555; for p<0.05 = 0.526
